Archive member included to satisfy reference by file (symbol)

/nix/store/3y7lyg1ykgxhlb9sa5iy0gb8hnshb302-gcc-arm-embedded-15.2.rel1/bin/../lib/gcc/arm-none-eabi/15.2.1/../../../../arm-none-eabi/lib/thumb/v7e-m+fp/hard/libc_nano.a(libc_a-exit.o)
                              /nix/store/3y7lyg1ykgxhlb9sa5iy0gb8hnshb302-gcc-arm-embedded-15.2.rel1/bin/../lib/gcc/arm-none-eabi/15.2.1/../../../../arm-none-eabi/lib/thumb/v7e-m+fp/hard/crt0.o (exit)
/nix/store/3y7lyg1ykgxhlb9sa5iy0gb8hnshb302-gcc-arm-embedded-15.2.rel1/bin/../lib/gcc/arm-none-eabi/15.2.1/../../../../arm-none-eabi/lib/thumb/v7e-m+fp/hard/libc_nano.a(libc_a-malloc.o)
                              build/usbh_cdc.o (malloc)
/nix/store/3y7lyg1ykgxhlb9sa5iy0gb8hnshb302-gcc-arm-embedded-15.2.rel1/bin/../lib/gcc/arm-none-eabi/15.2.1/../../../../arm-none-eabi/lib/thumb/v7e-m+fp/hard/libc_nano.a(libc_a-mallocr.o)
                              /nix/store/3y7lyg1ykgxhlb9sa5iy0gb8hnshb302-gcc-arm-embedded-15.2.rel1/bin/../lib/gcc/arm-none-eabi/15.2.1/../../../../arm-none-eabi/lib/thumb/v7e-m+fp/hard/libc_nano.a(libc_a-malloc.o) (_malloc_r)
/nix/store/3y7lyg1ykgxhlb9sa5iy0gb8hnshb302-gcc-arm-embedded-15.2.rel1/bin/../lib/gcc/arm-none-eabi/15.2.1/../../../../arm-none-eabi/lib/thumb/v7e-m+fp/hard/libc_nano.a(libc_a-mlock.o)
                              /nix/store/3y7lyg1ykgxhlb9sa5iy0gb8hnshb302-gcc-arm-embedded-15.2.rel1/bin/../lib/gcc/arm-none-eabi/15.2.1/../../../../arm-none-eabi/lib/thumb/v7e-m+fp/hard/libc_nano.a(libc_a-mallocr.o) (__malloc_lock)
/nix/store/3y7lyg1ykgxhlb9sa5iy0gb8hnshb302-gcc-arm-embedded-15.2.rel1/bin/../lib/gcc/arm-none-eabi/15.2.1/../../../../arm-none-eabi/lib/thumb/v7e-m+fp/hard/libc_nano.a(libc_a-findfp.o)
                              /nix/store/3y7lyg1ykgxhlb9sa5iy0gb8hnshb302-gcc-arm-embedded-15.2.rel1/bin/../lib/gcc/arm-none-eabi/15.2.1/../../../../arm-none-eabi/lib/thumb/v7e-m+fp/hard/libc_nano.a(libc_a-exit.o) (__stdio_exit_handler)
/nix/store/3y7lyg1ykgxhlb9sa5iy0gb8hnshb302-gcc-arm-embedded-15.2.rel1/bin/../lib/gcc/arm-none-eabi/15.2.1/../../../../arm-none-eabi/lib/thumb/v7e-m+fp/hard/libc_nano.a(libc_a-fwalk.o)
                              /nix/store/3y7lyg1ykgxhlb9sa5iy0gb8hnshb302-gcc-arm-embedded-15.2.rel1/bin/../lib/gcc/arm-none-eabi/15.2.1/../../../../arm-none-eabi/lib/thumb/v7e-m+fp/hard/libc_nano.a(libc_a-findfp.o) (_fwalk_sglue)
/nix/store/3y7lyg1ykgxhlb9sa5iy0gb8hnshb302-gcc-arm-embedded-15.2.rel1/bin/../lib/gcc/arm-none-eabi/15.2.1/../../../../arm-none-eabi/lib/thumb/v7e-m+fp/hard/libc_nano.a(libc_a-stdio.o)
                              /nix/store/3y7lyg1ykgxhlb9sa5iy0gb8hnshb302-gcc-arm-embedded-15.2.rel1/bin/../lib/gcc/arm-none-eabi/15.2.1/../../../../arm-none-eabi/lib/thumb/v7e-m+fp/hard/libc_nano.a(libc_a-findfp.o) (__sread)
/nix/store/3y7lyg1ykgxhlb9sa5iy0gb8hnshb302-gcc-arm-embedded-15.2.rel1/bin/../lib/gcc/arm-none-eabi/15.2.1/../../../../arm-none-eabi/lib/thumb/v7e-m+fp/hard/libc_nano.a(libc_a-memset.o)
                              /nix/store/3y7lyg1ykgxhlb9sa5iy0gb8hnshb302-gcc-arm-embedded-15.2.rel1/bin/../lib/gcc/arm-none-eabi/15.2.1/../../../../arm-none-eabi/lib/thumb/v7e-m+fp/hard/crt0.o (memset)
/nix/store/3y7lyg1ykgxhlb9sa5iy0gb8hnshb302-gcc-arm-embedded-15.2.rel1/bin/../lib/gcc/arm-none-eabi/15.2.1/../../../../arm-none-eabi/lib/thumb/v7e-m+fp/hard/libc_nano.a(libc_a-closer.o)
                              /nix/store/3y7lyg1ykgxhlb9sa5iy0gb8hnshb302-gcc-arm-embedded-15.2.rel1/bin/../lib/gcc/arm-none-eabi/15.2.1/../../../../arm-none-eabi/lib/thumb/v7e-m+fp/hard/libc_nano.a(libc_a-stdio.o) (_close_r)
/nix/store/3y7lyg1ykgxhlb9sa5iy0gb8hnshb302-gcc-arm-embedded-15.2.rel1/bin/../lib/gcc/arm-none-eabi/15.2.1/../../../../arm-none-eabi/lib/thumb/v7e-m+fp/hard/libc_nano.a(libc_a-reent.o)
                              /nix/store/3y7lyg1ykgxhlb9sa5iy0gb8hnshb302-gcc-arm-embedded-15.2.rel1/bin/../lib/gcc/arm-none-eabi/15.2.1/../../../../arm-none-eabi/lib/thumb/v7e-m+fp/hard/libc_nano.a(libc_a-closer.o) (errno)
/nix/store/3y7lyg1ykgxhlb9sa5iy0gb8hnshb302-gcc-arm-embedded-15.2.rel1/bin/../lib/gcc/arm-none-eabi/15.2.1/../../../../arm-none-eabi/lib/thumb/v7e-m+fp/hard/libc_nano.a(libc_a-impure.o)
                              /nix/store/3y7lyg1ykgxhlb9sa5iy0gb8hnshb302-gcc-arm-embedded-15.2.rel1/bin/../lib/gcc/arm-none-eabi/15.2.1/../../../../arm-none-eabi/lib/thumb/v7e-m+fp/hard/libc_nano.a(libc_a-malloc.o) (_impure_ptr)
/nix/store/3y7lyg1ykgxhlb9sa5iy0gb8hnshb302-gcc-arm-embedded-15.2.rel1/bin/../lib/gcc/arm-none-eabi/15.2.1/../../../../arm-none-eabi/lib/thumb/v7e-m+fp/hard/libc_nano.a(libc_a-lseekr.o)
                              /nix/store/3y7lyg1ykgxhlb9sa5iy0gb8hnshb302-gcc-arm-embedded-15.2.rel1/bin/../lib/gcc/arm-none-eabi/15.2.1/../../../../arm-none-eabi/lib/thumb/v7e-m+fp/hard/libc_nano.a(libc_a-stdio.o) (_lseek_r)
/nix/store/3y7lyg1ykgxhlb9sa5iy0gb8hnshb302-gcc-arm-embedded-15.2.rel1/bin/../lib/gcc/arm-none-eabi/15.2.1/../../../../arm-none-eabi/lib/thumb/v7e-m+fp/hard/libc_nano.a(libc_a-readr.o)
[...]
Memory Configuration

Name             Origin             Length             Attributes
RAM              0x20000000         0x00020000         xrw
CCMRAM           0x10000000         0x00010000         xrw
FLASH            0x08000000         0x00100000         xr
*default*        0x00000000         0xffffffff

Linker script and memory map

LOAD /nix/store/3y7lyg1ykgxhlb9sa5iy0gb8hnshb302-gcc-arm-embedded-15.2.rel1/bin/../lib/gcc/arm-none-eabi/15.2.1/thumb/v7e-m+fp/hard/crti.o
LOAD /nix/store/3y7lyg1ykgxhlb9sa5iy0gb8hnshb302-gcc-arm-embedded-15.2.rel1/bin/../lib/gcc/arm-none-eabi/15.2.1/thumb/v7e-m+fp/hard/crtbegin.o
LOAD /nix/store/3y7lyg1ykgxhlb9sa5iy0gb8hnshb302-gcc-arm-embedded-15.2.rel1/bin/../lib/gcc/arm-none-eabi/15.2.1/../../../../arm-none-eabi/lib/thumb/v7e-m+fp/hard/crt0.o
LOAD build/main.o
LOAD build/stm32f4xx_it.o
LOAD build/stm32f4xx_hal_msp.o
LOAD build/usbh_conf.o
LOAD build/usbh_platform.o
LOAD build/usb_host.o
LOAD build/stm32f4xx_hal_hcd.o
LOAD build/stm32f4xx_ll_usb.o
LOAD build/stm32f4xx_hal_rcc.o
LOAD build/stm32f4xx_hal_rcc_ex.o
LOAD build/stm32f4xx_hal_flash.o
LOAD build/stm32f4xx_hal_flash_ex.o
LOAD build/stm32f4xx_hal_flash_ramfunc.o
LOAD build/stm32f4xx_hal_gpio.o
LOAD build/stm32f4xx_hal_dma_ex.o
LOAD build/stm32f4xx_hal_dma.o
LOAD build/stm32f4xx_hal_pwr.o
LOAD build/stm32f4xx_hal_pwr_ex.o
LOAD build/stm32f4xx_hal_cortex.o
LOAD build/stm32f4xx_hal.o
LOAD build/stm32f4xx_hal_exti.o
LOAD build/stm32f4xx_hal_i2c.o
LOAD build/stm32f4xx_hal_i2c_ex.o
LOAD build/stm32f4xx_hal_i2s.o
LOAD build/stm32f4xx_hal_i2s_ex.o
LOAD build/stm32f4xx_hal_spi.o
LOAD build/stm32f4xx_hal_tim.o
LOAD build/stm32f4xx_hal_tim_ex.o
LOAD build/system_stm32f4xx.o
LOAD build/usbh_core.o
LOAD build/usbh_ctlreq.o
LOAD build/usbh_ioreq.o
LOAD build/usbh_pipes.o
LOAD build/usbh_cdc.o
LOAD build/sysmem.o
LOAD build/seg7.o
LOAD build/syscalls.o
LOAD build/startup_stm32f407xx.o
LOAD /nix/store/3y7lyg1ykgxhlb9sa5iy0gb8hnshb302-gcc-arm-embedded-15.2.rel1/bin/../lib/gcc/arm-none-eabi/15.2.1/../../../../arm-none-eabi/lib/thumb/v7e-m+fp/hard/libc_nano.a
LOAD /nix/store/3y7lyg1ykgxhlb9sa5iy0gb8hnshb302-gcc-arm-embedded-15.2.rel1/bin/../lib/gcc/arm-none-eabi/15.2.1/../../../../arm-none-eabi/lib/thumb/v7e-m+fp/hard/libm.a
LOAD /nix/store/3y7lyg1ykgxhlb9sa5iy0gb8hnshb302-gcc-arm-embedded-15.2.rel1/bin/../lib/gcc/arm-none-eabi/15.2.1/../../../../arm-none-eabi/lib/thumb/v7e-m+fp/hard/libnosys.a
START GROUP
LOAD /nix/store/3y7lyg1ykgxhlb9sa5iy0gb8hnshb302-gcc-arm-embedded-15.2.rel1/bin/../lib/gcc/arm-none-eabi/15.2.1/thumb/v7e-m+fp/hard/libgcc.a
LOAD /nix/store/3y7lyg1ykgxhlb9sa5iy0gb8hnshb302-gcc-arm-embedded-15.2.rel1/bin/../lib/gcc/arm-none-eabi/15.2.1/../../../../arm-none-eabi/lib/thumb/v7e-m+fp/hard/libc_nano.a
END GROUP
START GROUP
LOAD /nix/store/3y7lyg1ykgxhlb9sa5iy0gb8hnshb302-gcc-arm-embedded-15.2.rel1/bin/../lib/gcc/arm-none-eabi/15.2.1/thumb/v7e-m+fp/hard/libgcc.a
LOAD /nix/store/3y7lyg1ykgxhlb9sa5iy0gb8hnshb302-gcc-arm-embedded-15.2.rel1/bin/../lib/gcc/arm-none-eabi/15.2.1/../../../../arm-none-eabi/lib/thumb/v7e-m+fp/hard/libc_nano.a
END GROUP
LOAD /nix/store/3y7lyg1ykgxhlb9sa5iy0gb8hnshb302-gcc-arm-embedded-15.2.rel1/bin/../lib/gcc/arm-none-eabi/15.2.1/thumb/v7e-m+fp/hard/crtend.o
LOAD /nix/store/3y7lyg1ykgxhlb9sa5iy0gb8hnshb302-gcc-arm-embedded-15.2.rel1/bin/../lib/gcc/arm-none-eabi/15.2.1/thumb/v7e-m+fp/hard/crtn.o
                0x20020000                        _estack = (ORIGIN (RAM) + LENGTH (RAM))
                0x00000200                        _Min_Heap_Size = 0x200
                0x00000400                        _Min_Stack_Size = 0x400

.isr_vector     0x08000000      0x188
                0x08000000                        . = ALIGN (0x4)
 *(.isr_vector)
 .isr_vector    0x08000000      0x188 build/startup_stm32f407xx.o
                0x08000000                g_pfnVectors
                0x08000188                        . = ALIGN (0x4)

.text           0x08000188     0x2aa0
                0x08000188                        . = ALIGN (0x4)
 *(.text)
 .text          0x08000188       0x30 /nix/store/3y7lyg1ykgxhlb9sa5iy0gb8hnshb302-gcc-arm-embedded-15.2.rel1/bin/../lib/gcc/arm-none-eabi/15.2.1/thumb/v7e-m+fp/hard/libgcc.a(_aeabi_uldivmod.o)
                0x08000188                __aeabi_uldivmod
 .text          0x080001b8        0x4 /nix/store/3y7lyg1ykgxhlb9sa5iy0gb8hnshb302-gcc-arm-embedded-15.2.rel1/bin/../lib/gcc/arm-none-eabi/15.2.1/thumb/v7e-m+fp/hard/libgcc.a(_dvmd_tls.o)
                0x080001b8                __aeabi_ldiv0
                0x080001b8                __aeabi_idiv0
 *(.text*)
 .text.deregister_tm_clones
                0x080001bc       0x1c /nix/store/3y7lyg1ykgxhlb9sa5iy0gb8hnshb302-gcc-arm-embedded-15.2.rel1/bin/../lib/gcc/arm-none-eabi/15.2.1/thumb/v7e-m+fp/hard/crtbegin.o
 .text.register_tm_clones
                0x080001d8       0x24 /nix/store/3y7lyg1ykgxhlb9sa5iy0gb8hnshb302-gcc-arm-embedded-15.2.rel1/bin/../lib/gcc/arm-none-eabi/15.2.1/thumb/v7e-m+fp/hard/crtbegin.o
 .text.__do_global_dtors_aux
                0x080001fc       0x28 /nix/store/3y7lyg1ykgxhlb9sa5iy0gb8hnshb302-gcc-arm-embedded-15.2.rel1/bin/../lib/gcc/arm-none-eabi/15.2.1/thumb/v7e-m+fp/hard/crtbegin.o
 .text.frame_dummy
                0x08000224       0x24 /nix/store/3y7lyg1ykgxhlb9sa5iy0gb8hnshb302-gcc-arm-embedded-15.2.rel1/bin/../lib/gcc/arm-none-eabi/15.2.1/thumb/v7e-m+fp/hard/crtbegin.o
 .text.MX_GPIO_Init
                0x08000248      0x194 build/main.o
 .text.Error_Handler
                0x080003dc        0x4 build/main.o
                0x080003dc                Error_Handler
 .text.MX_TIM7_Init
                0x080003e0       0x44 build/main.o
 .text.SystemClock_Config
                0x08000424       0xa8 build/main.o
                0x08000424                SystemClock_Config
 .text.main     0x080004cc      0x158 build/main.o
                0x080004cc                main
 .text.NMI_Handler
                0x08000624        0x2 build/stm32f4xx_it.o
                0x08000624                NMI_Handler
 .text.HardFault_Handler
                0x08000626        0x2 build/stm32f4xx_it.o
                0x08000626                HardFault_Handler
 .text.MemManage_Handler
                0x08000628        0x2 build/stm32f4xx_it.o
                0x08000628                MemManage_Handler
 .text.BusFault_Handler
                0x0800062a        0x2 build/stm32f4xx_it.o
                0x0800062a                BusFault_Handler
 .text.UsageFault_Handler
                0x0800062c        0x2 build/stm32f4xx_it.o
                0x0800062c                UsageFault_Handler
 .text.SVC_Handler
                0x0800062e        0x2 build/stm32f4xx_it.o
                0x0800062e                SVC_Handler
 .text.DebugMon_Handler
                0x08000630        0x2 build/stm32f4xx_it.o
                0x08000630                DebugMon_Handler
 .text.PendSV_Handler
                0x08000632        0x2 build/stm32f4xx_it.o
                0x08000632                PendSV_Handler
 .text.SysTick_Handler
                0x08000634      0x128 build/stm32f4xx_it.o
                0x08000634                SysTick_Handler
 .text.TIM7_IRQHandler
                0x0800075c      0x1a4 build/stm32f4xx_it.o
                0x0800075c                TIM7_IRQHandler
 .text.OTG_FS_IRQHandler
                0x08000900       0x10 build/stm32f4xx_it.o
                0x08000900                OTG_FS_IRQHandler
 .text.HAL_MspInit
                0x08000910       0x40 build/stm32f4xx_hal_msp.o
                0x08000910                HAL_MspInit
 .text.HAL_TIM_Base_MspInit
                0x08000950       0x40 build/stm32f4xx_hal_msp.o
                0x08000950                HAL_TIM_Base_MspInit
 .text.HAL_HCD_SOF_Callback
                0x08000990        0xc build/usbh_conf.o
                0x08000990                HAL_HCD_SOF_Callback
 .text.HAL_HCD_Connect_Callback
                0x0800099c        0xc build/usbh_conf.o
                0x0800099c                HAL_HCD_Connect_Callback
 .text.HAL_HCD_Disconnect_Callback
                0x080009a8        0xc build/usbh_conf.o
                0x080009a8                HAL_HCD_Disconnect_Callback
 .text.HAL_HCD_HC_NotifyURBChange_Callback
                0x080009b4        0x2 build/usbh_conf.o
                0x080009b4                HAL_HCD_HC_NotifyURBChange_Callback
 .text.HAL_HCD_PortEnabled_Callback
                0x080009b6        0xc build/usbh_conf.o
                0x080009b6                HAL_HCD_PortEnabled_Callback
 .text.HAL_HCD_PortDisabled_Callback
                0x080009c2        0xc build/usbh_conf.o
                0x080009c2                HAL_HCD_PortDisabled_Callback
 .text.USBH_Get_USB_Status
                0x080009ce       0x16 build/usbh_conf.o
                0x080009ce                USBH_Get_USB_Status
 .text.USBH_LL_Stop
                0x080009e4       0x10 build/usbh_conf.o
                0x080009e4                USBH_LL_Stop
 .text.HCD_RXQLVL_IRQHandler
                0x080009f4       0xb8 build/stm32f4xx_hal_hcd.o
 .text.HCD_Port_IRQHandler
                0x08000aac       0xb0 build/stm32f4xx_hal_hcd.o
 .text.HCD_HC_IN_IRQHandler
                0x08000b5c      0x5b2 build/stm32f4xx_hal_hcd.o
 .text.HCD_HC_OUT_IRQHandler
                0x0800110e      0x480 build/stm32f4xx_hal_hcd.o
 .text.HAL_HCD_IRQHandler
                0x0800158e      0x162 build/stm32f4xx_hal_hcd.o
                0x0800158e                HAL_HCD_IRQHandler
 .text.HAL_HCD_Stop
                0x080016f0       0x24 build/stm32f4xx_hal_hcd.o
                0x080016f0                HAL_HCD_Stop
 .text.USB_EnableGlobalInt
                0x08001714        0xc build/stm32f4xx_ll_usb.o
                0x08001714                USB_EnableGlobalInt
 .text.USB_DisableGlobalInt
                0x08001720        0xc build/stm32f4xx_ll_usb.o
                0x08001720                USB_DisableGlobalInt
 .text.USB_FlushTxFifo
                0x0800172c       0x4a build/stm32f4xx_ll_usb.o
                0x0800172c                USB_FlushTxFifo
 .text.USB_FlushRxFifo
                0x08001776       0x46 build/stm32f4xx_ll_usb.o
                0x08001776                USB_FlushRxFifo
 .text.USB_ReadPacket
                0x080017bc       0x46 build/stm32f4xx_ll_usb.o
                0x080017bc                USB_ReadPacket
 .text.USB_ReadInterrupts
                0x08001802        0x8 build/stm32f4xx_ll_usb.o
                0x08001802                USB_ReadInterrupts
 .text.USB_ReadChInterrupts
                0x0800180a       0x12 build/stm32f4xx_ll_usb.o
                0x0800180a                USB_ReadChInterrupts
 .text.USB_GetMode
                0x0800181c        0x8 build/stm32f4xx_ll_usb.o
                0x0800181c                USB_GetMode
 .text.USB_InitFSLSPClkSel
                0x08001824       0x42 build/stm32f4xx_ll_usb.o
                0x08001824                USB_InitFSLSPClkSel
 .text.USB_HC_ReadInterrupt
                0x08001866        0xa build/stm32f4xx_ll_usb.o
                0x08001866                USB_HC_ReadInterrupt
 .text.USB_HC_Halt
                0x08001870      0x102 build/stm32f4xx_ll_usb.o
                0x08001870                USB_HC_Halt
 .text.USB_StopHost
                0x08001972       0x96 build/stm32f4xx_ll_usb.o
                0x08001972                USB_StopHost
 .text.HAL_RCC_OscConfig
                0x08001a08      0x3fc build/stm32f4xx_hal_rcc.o
                0x08001a08                HAL_RCC_OscConfig
 .text.HAL_RCC_GetSysClockFreq
                0x08001e04       0xdc build/stm32f4xx_hal_rcc.o
                0x08001e04                HAL_RCC_GetSysClockFreq
 .text.HAL_RCC_ClockConfig
                0x08001ee0      0x160 build/stm32f4xx_hal_rcc.o
                0x08001ee0                HAL_RCC_ClockConfig
 .text.HAL_GPIO_Init
                0x08002040      0x208 build/stm32f4xx_hal_gpio.o
                0x08002040                HAL_GPIO_Init
 .text.HAL_GPIO_WritePin
                0x08002248        0xc build/stm32f4xx_hal_gpio.o
                0x08002248                HAL_GPIO_WritePin
 .text.__NVIC_EnableIRQ
                0x08002254       0x1c build/stm32f4xx_hal_cortex.o
 .text.__NVIC_SetPriority
                0x08002270       0x28 build/stm32f4xx_hal_cortex.o
 .text.NVIC_EncodePriority
                0x08002298       0x46 build/stm32f4xx_hal_cortex.o
 *fill*         0x080022de        0x2 
 .text.HAL_NVIC_SetPriorityGrouping
                0x080022e0       0x24 build/stm32f4xx_hal_cortex.o
                0x080022e0                HAL_NVIC_SetPriorityGrouping
 .text.HAL_NVIC_SetPriority
                0x08002304       0x20 build/stm32f4xx_hal_cortex.o
                0x08002304                HAL_NVIC_SetPriority
 .text.HAL_NVIC_EnableIRQ
                0x08002324        0x8 build/stm32f4xx_hal_cortex.o
                0x08002324                HAL_NVIC_EnableIRQ
 .text.HAL_SYSTICK_Config
                0x0800232c       0x28 build/stm32f4xx_hal_cortex.o
                0x0800232c                HAL_SYSTICK_Config
 .text.HAL_InitTick
                0x08002354       0x4c build/stm32f4xx_hal.o
                0x08002354                HAL_InitTick
 .text.HAL_Init
                0x080023a0       0x34 build/stm32f4xx_hal.o
                0x080023a0                HAL_Init
 .text.HAL_IncTick
                0x080023d4       0x18 build/stm32f4xx_hal.o
                0x080023d4                HAL_IncTick
 .text.HAL_GetTick
                0x080023ec        0xc build/stm32f4xx_hal.o
                0x080023ec                HAL_GetTick
 .text.HAL_Delay
                0x080023f8       0x28 build/stm32f4xx_hal.o
                0x080023f8                HAL_Delay
 .text.HAL_TIM_PeriodElapsedCallback
                0x08002420        0x2 build/stm32f4xx_hal_tim.o
                0x08002420                HAL_TIM_PeriodElapsedCallback
 .text.HAL_TIM_OC_DelayElapsedCallback
                0x08002422        0x2 build/stm32f4xx_hal_tim.o
                0x08002422                HAL_TIM_OC_DelayElapsedCallback
 .text.HAL_TIM_IC_CaptureCallback
                0x08002424        0x2 build/stm32f4xx_hal_tim.o
                0x08002424                HAL_TIM_IC_CaptureCallback
 .text.HAL_TIM_PWM_PulseFinishedCallback
                0x08002426        0x2 build/stm32f4xx_hal_tim.o
                0x08002426                HAL_TIM_PWM_PulseFinishedCallback
 .text.HAL_TIM_TriggerCallback
                0x08002428        0x2 build/stm32f4xx_hal_tim.o
                0x08002428                HAL_TIM_TriggerCallback
 .text.HAL_TIM_IRQHandler
                0x0800242a      0x15e build/stm32f4xx_hal_tim.o
                0x0800242a                HAL_TIM_IRQHandler
 .text.TIM_Base_SetConfig
                0x08002588       0xd0 build/stm32f4xx_hal_tim.o
                0x08002588                TIM_Base_SetConfig
 .text.HAL_TIM_Base_Init
                0x08002658       0x58 build/stm32f4xx_hal_tim.o
                0x08002658                HAL_TIM_Base_Init
 .text.HAL_TIMEx_MasterConfigSynchronization
                0x080026b0       0x8c build/stm32f4xx_hal_tim_ex.o
                0x080026b0                HAL_TIMEx_MasterConfigSynchronization
 .text.HAL_TIMEx_CommutCallback
                0x0800273c        0x2 build/stm32f4xx_hal_tim_ex.o
                0x0800273c                HAL_TIMEx_CommutCallback
 .text.HAL_TIMEx_BreakCallback
                0x0800273e        0x2 build/stm32f4xx_hal_tim_ex.o
                0x0800273e                HAL_TIMEx_BreakCallback
 .text.SystemInit
                0x08002740       0x14 build/system_stm32f4xx.o
                0x08002740                SystemInit
 .text.USBH_HandleSof
                0x08002754       0x18 build/usbh_core.o
 .text.USBH_LL_IncTimer
                0x0800276c       0x12 build/usbh_core.o
                0x0800276c                USBH_LL_IncTimer
 .text.USBH_LL_PortEnabled
                0x0800277e        0x8 build/usbh_core.o
                0x0800277e                USBH_LL_PortEnabled
 .text.USBH_LL_PortDisabled
                0x08002786        0xe build/usbh_core.o
                0x08002786                USBH_LL_PortDisabled
 .text.USBH_LL_Connect
                0x08002794       0x14 build/usbh_core.o
                0x08002794                USBH_LL_Connect
 .text.USBH_LL_Disconnect
                0x080027a8       0x2c build/usbh_core.o
                0x080027a8                USBH_LL_Disconnect
 .text.USBH_FreePipe
                0x080027d4       0x16 build/usbh_pipes.o
                0x080027d4                USBH_FreePipe
 *fill*         0x080027ea        0x2 
 .text.Seven_Segment_Digit
                0x080027ec       0x34 build/seg7.o
                0x080027ec                Seven_Segment_Digit
 .text.Seven_Segment
                0x08002820       0x24 build/seg7.o
                0x08002820                Seven_Segment
 .text.Reset_Handler
                0x08002844       0x50 build/startup_stm32f407xx.o
                0x08002844                Reset_Handler
 .text.Default_Handler
                0x08002894        0x2 build/startup_stm32f407xx.o
                0x08002894                RTC_Alarm_IRQHandler
                0x08002894                HASH_RNG_IRQHandler
                0x08002894                EXTI2_IRQHandler
                0x08002894                TIM8_CC_IRQHandler
                0x08002894                TIM1_CC_IRQHandler
                0x08002894                DMA2_Stream5_IRQHandler
                0x08002894                DMA1_Stream5_IRQHandler
                0x08002894                PVD_IRQHandler
                0x08002894                SDIO_IRQHandler
                0x08002894                TAMP_STAMP_IRQHandler
                0x08002894                CAN2_RX1_IRQHandler
                0x08002894                EXTI3_IRQHandler
                0x08002894                TIM8_TRG_COM_TIM14_IRQHandler
                0x08002894                TIM1_UP_TIM10_IRQHandler
                0x08002894                TIM8_UP_TIM13_IRQHandler
                0x08002894                I2C3_ER_IRQHandler
                0x08002894                EXTI0_IRQHandler
                0x08002894                I2C2_EV_IRQHandler
                0x08002894                DMA1_Stream2_IRQHandler
                0x08002894                CAN1_RX0_IRQHandler
                0x08002894                FPU_IRQHandler
                0x08002894                OTG_HS_WKUP_IRQHandler
                0x08002894                CAN2_SCE_IRQHandler
                0x08002894                DMA2_Stream2_IRQHandler
                0x08002894                SPI1_IRQHandler
                0x08002894                TIM6_DAC_IRQHandler
                0x08002894                TIM1_BRK_TIM9_IRQHandler
                0x08002894                DCMI_IRQHandler
                0x08002894                CAN2_RX0_IRQHandler
                0x08002894                DMA2_Stream3_IRQHandler
                0x08002894                USART6_IRQHandler
                0x08002894                USART3_IRQHandler
                0x08002894                CAN1_RX1_IRQHandler
                0x08002894                UART5_IRQHandler
                0x08002894                DMA2_Stream0_IRQHandler
                0x08002894                TIM4_IRQHandler
                0x08002894                I2C1_EV_IRQHandler
                0x08002894                DMA1_Stream6_IRQHandler
                0x08002894                DMA1_Stream1_IRQHandler
                0x08002894                UART4_IRQHandler
                0x08002894                TIM3_IRQHandler
                0x08002894                RCC_IRQHandler
                0x08002894                TIM8_BRK_TIM12_IRQHandler
                0x08002894                Default_Handler
                0x08002894                EXTI15_10_IRQHandler
                0x08002894                ADC_IRQHandler
                0x08002894                DMA1_Stream7_IRQHandler
                0x08002894                CAN2_TX_IRQHandler
                0x08002894                TIM5_IRQHandler
                0x08002894                DMA2_Stream7_IRQHandler
                0x08002894                I2C3_EV_IRQHandler
                0x08002894                EXTI9_5_IRQHandler
                0x08002894                RTC_WKUP_IRQHandler
                0x08002894                ETH_WKUP_IRQHandler
                0x08002894                SPI2_IRQHandler
                0x08002894                OTG_HS_EP1_IN_IRQHandler
                0x08002894                DMA1_Stream0_IRQHandler
                0x08002894                CAN1_TX_IRQHandler
                0x08002894                EXTI4_IRQHandler
                0x08002894                FSMC_IRQHandler
                0x08002894                ETH_IRQHandler
                0x08002894                OTG_HS_EP1_OUT_IRQHandler
                0x08002894                WWDG_IRQHandler
                0x08002894                TIM2_IRQHandler
                0x08002894                OTG_FS_WKUP_IRQHandler
                0x08002894                TIM1_TRG_COM_TIM11_IRQHandler
                0x08002894                OTG_HS_IRQHandler
                0x08002894                EXTI1_IRQHandler
                0x08002894                USART2_IRQHandler
                0x08002894                I2C2_ER_IRQHandler
                0x08002894                DMA2_Stream1_IRQHandler
                0x08002894                CAN1_SCE_IRQHandler
                0x08002894                FLASH_IRQHandler
                0x08002894                DMA2_Stream4_IRQHandler
                0x08002894                USART1_IRQHandler
                0x08002894                SPI3_IRQHandler
                0x08002894                DMA1_Stream4_IRQHandler
                0x08002894                I2C1_ER_IRQHandler
                0x08002894                DMA2_Stream6_IRQHandler
                0x08002894                DMA1_Stream3_IRQHandler
 .text.memset   0x08002896       0x10 /nix/store/3y7lyg1ykgxhlb9sa5iy0gb8hnshb302-gcc-arm-embedded-15.2.rel1/bin/../lib/gcc/arm-none-eabi/15.2.1/../../../../arm-none-eabi/lib/thumb/v7e-m+fp/hard/libc_nano.a(libc_a-memset.o)
                0x08002896                memset
 *fill*         0x080028a6        0x2 
 .text.__libc_init_array
                0x080028a8       0x48 /nix/store/3y7lyg1ykgxhlb9sa5iy0gb8hnshb302-gcc-arm-embedded-15.2.rel1/bin/../lib/gcc/arm-none-eabi/15.2.1/../../../../arm-none-eabi/lib/thumb/v7e-m+fp/hard/libc_nano.a(libc_a-init.o)
                0x080028a8                __libc_init_array
 .text.__udivmoddi4
                0x080028f0      0x320 /nix/store/3y7lyg1ykgxhlb9sa5iy0gb8hnshb302-gcc-arm-embedded-15.2.rel1/bin/../lib/gcc/arm-none-eabi/15.2.1/thumb/v7e-m+fp/hard/libgcc.a(_udivmoddi4.o)
                0x080028f0                __udivmoddi4
 *(.glue_7)
 .glue_7        0x08002c10        0x0 linker stubs
 *(.glue_7t)
 .glue_7t       0x08002c10        0x0 linker stubs
 *(.eh_frame)
 .eh_frame      0x08002c10        0x0 /nix/store/3y7lyg1ykgxhlb9sa5iy0gb8hnshb302-gcc-arm-embedded-15.2.rel1/bin/../lib/gcc/arm-none-eabi/15.2.1/thumb/v7e-m+fp/hard/crtbegin.o
 *(.init)
 .init          0x08002c10        0x4 /nix/store/3y7lyg1ykgxhlb9sa5iy0gb8hnshb302-gcc-arm-embedded-15.2.rel1/bin/../lib/gcc/arm-none-eabi/15.2.1/thumb/v7e-m+fp/hard/crti.o
                0x08002c10                _init
 .init          0x08002c14        0x8 /nix/store/3y7lyg1ykgxhlb9sa5iy0gb8hnshb302-gcc-arm-embedded-15.2.rel1/bin/../lib/gcc/arm-none-eabi/15.2.1/thumb/v7e-m+fp/hard/crtn.o
 *(.fini)
 .fini          0x08002c1c        0x4 /nix/store/3y7lyg1ykgxhlb9sa5iy0gb8hnshb302-gcc-arm-embedded-15.2.rel1/bin/../lib/gcc/arm-none-eabi/15.2.1/thumb/v7e-m+fp/hard/crti.o
                0x08002c1c                _fini
 .fini          0x08002c20        0x8 /nix/store/3y7lyg1ykgxhlb9sa5iy0gb8hnshb302-gcc-arm-embedded-15.2.rel1/bin/../lib/gcc/arm-none-eabi/15.2.1/thumb/v7e-m+fp/hard/crtn.o
                0x08002c28                        . = ALIGN (0x4)
                0x08002c28                        _etext = .

.vfp11_veneer   0x08002c28        0x0
 .vfp11_veneer  0x08002c28        0x0 linker stubs

.v4_bx          0x08002c28        0x0
 .v4_bx         0x08002c28        0x0 linker stubs

.iplt           0x08002c28        0x0
 .iplt          0x08002c28        0x0 /nix/store/3y7lyg1ykgxhlb9sa5iy0gb8hnshb302-gcc-arm-embedded-15.2.rel1/bin/../lib/gcc/arm-none-eabi/15.2.1/thumb/v7e-m+fp/hard/crtbegin.o

.rodata         0x08002c28       0x10
                0x08002c28                        . = ALIGN (0x4)
 *(.rodata)
 *(.rodata*)
 .rodata.AHBPrescTable
                0x08002c28       0x10 build/system_stm32f4xx.o
                0x08002c28                AHBPrescTable
                0x08002c38                        . = ALIGN (0x4)

.ARM.extab      0x08002c38        0x0
                0x08002c38                        . = ALIGN (0x4)
 *(.ARM.extab* .gnu.linkonce.armextab.*)
                0x08002c38                        . = ALIGN (0x4)

.ARM            0x08002c38        0x8
                0x08002c38                        . = ALIGN (0x4)
                0x08002c38                        __exidx_start = .
 *(.ARM.exidx*)
 .ARM.exidx.text.__udivmoddi4
                0x08002c38        0x8 /nix/store/3y7lyg1ykgxhlb9sa5iy0gb8hnshb302-gcc-arm-embedded-15.2.rel1/bin/../lib/gcc/arm-none-eabi/15.2.1/thumb/v7e-m+fp/hard/libgcc.a(_udivmoddi4.o)
                0x08002c40                        __exidx_end = .
                0x08002c40                        . = ALIGN (0x4)

.preinit_array  0x08002c40        0x0
                0x08002c40                        . = ALIGN (0x4)
                0x08002c40                        PROVIDE (__preinit_array_start = .)
 *(.preinit_array*)
                0x08002c40                        PROVIDE (__preinit_array_end = .)
                0x08002c40                        . = ALIGN (0x4)

.init_array     0x08002c40        0x4
                0x08002c40                        . = ALIGN (0x4)
                0x08002c40                        PROVIDE (__init_array_start = .)
 *(SORT_BY_NAME(.init_array.*))
 *(.init_array*)
 .init_array    0x08002c40        0x4 /nix/store/3y7lyg1ykgxhlb9sa5iy0gb8hnshb302-gcc-arm-embedded-15.2.rel1/bin/../lib/gcc/arm-none-eabi/15.2.1/thumb/v7e-m+fp/hard/crtbegin.o
                0x08002c44                        PROVIDE (__init_array_end = .)
                0x08002c44                        . = ALIGN (0x4)

.fini_array     0x08002c44        0x4
                0x08002c44                        . = ALIGN (0x4)
                [!provide]                        PROVIDE (__fini_array_start = .)
 *(SORT_BY_NAME(.fini_array.*))
 *(.fini_array*)
 .fini_array    0x08002c44        0x4 /nix/store/3y7lyg1ykgxhlb9sa5iy0gb8hnshb302-gcc-arm-embedded-15.2.rel1/bin/../lib/gcc/arm-none-eabi/15.2.1/thumb/v7e-m+fp/hard/crtbegin.o
                [!provide]                        PROVIDE (__fini_array_end = .)
                0x08002c48                        . = ALIGN (0x4)
                0x08002c48                        _sidata = LOADADDR (.data)

.rel.dyn        0x08002c48        0x0
 .rel.iplt      0x08002c48        0x0 /nix/store/3y7lyg1ykgxhlb9sa5iy0gb8hnshb302-gcc-arm-embedded-15.2.rel1/bin/../lib/gcc/arm-none-eabi/15.2.1/thumb/v7e-m+fp/hard/crtbegin.o

.data           0x20000000       0x6c load address 0x08002c48
                0x20000000                        . = ALIGN (0x4)
                0x20000000                        _sdata = .
 *(.data)
 *(.data*)
 .data.Message  0x20000000       0x21 build/main.o
                0x20000000                Message
 *fill*         0x20000021        0x3 
 .data.CRC_Tx   0x20000024        0x4 build/main.o
                0x20000024                CRC_Tx
 .data.Vibrato_Rate
                0x20000028        0x4 build/main.o
                0x20000028                Vibrato_Rate
 .data.Vibrato_Depth
                0x2000002c        0x4 build/main.o
                0x2000002c                Vibrato_Depth
 .data.uwTickFreq
                0x20000030        0x1 build/stm32f4xx_hal.o
                0x20000030                uwTickFreq
 *fill*         0x20000031        0x3 
 .data.uwTickPrio
                0x20000034        0x4 build/stm32f4xx_hal.o
                0x20000034                uwTickPrio
 .data.SystemCoreClock
                0x20000038        0x4 build/system_stm32f4xx.o
                0x20000038                SystemCoreClock
 .data._7SEG    0x2000003c       0x2e build/seg7.o
                0x2000003c                _7SEG
 *(.RamFunc)
 *(.RamFunc*)
                0x2000006c                        . = ALIGN (0x4)
 *fill*         0x2000006a        0x2 
                0x2000006c                        _edata = .
                0x08002cb4                        _siccmram = LOADADDR (.ccmram)

.tm_clone_table
                0x2000006c        0x0 load address 0x08002cb4
 .tm_clone_table
                0x2000006c        0x0 /nix/store/3y7lyg1ykgxhlb9sa5iy0gb8hnshb302-gcc-arm-embedded-15.2.rel1/bin/../lib/gcc/arm-none-eabi/15.2.1/thumb/v7e-m+fp/hard/crtbegin.o
 .tm_clone_table
                0x2000006c        0x0 /nix/store/3y7lyg1ykgxhlb9sa5iy0gb8hnshb302-gcc-arm-embedded-15.2.rel1/bin/../lib/gcc/arm-none-eabi/15.2.1/thumb/v7e-m+fp/hard/crtend.o

.igot.plt       0x2000006c        0x0 load address 0x08002cb4
 .igot.plt      0x2000006c        0x0 /nix/store/3y7lyg1ykgxhlb9sa5iy0gb8hnshb302-gcc-arm-embedded-15.2.rel1/bin/../lib/gcc/arm-none-eabi/15.2.1/thumb/v7e-m+fp/hard/crtbegin.o

.ccmram         0x10000000        0x0 load address 0x08002cb4
                0x10000000                        . = ALIGN (0x4)
                0x10000000                        _sccmram = .
 *(.ccmram)
 *(.ccmram*)
                0x10000000                        . = ALIGN (0x4)
                0x10000000                        _eccmram = .
                0x10000000                        . = ALIGN (0x4)

.bss            0x2000006c      0xc4c
                0x2000006c                        _sbss = .
                0x2000006c                        __bss_start__ = _sbss
 *(.bss)
 *(.bss*)
 .bss.completed.1
                0x2000006c        0x1 /nix/store/3y7lyg1ykgxhlb9sa5iy0gb8hnshb302-gcc-arm-embedded-15.2.rel1/bin/../lib/gcc/arm-none-eabi/15.2.1/thumb/v7e-m+fp/hard/crtbegin.o
 *fill*         0x2000006d        0x3 
 .bss.object.0  0x20000070       0x18 /nix/store/3y7lyg1ykgxhlb9sa5iy0gb8hnshb302-gcc-arm-embedded-15.2.rel1/bin/../lib/gcc/arm-none-eabi/15.2.1/thumb/v7e-m+fp/hard/crtbegin.o
 .bss.Song      0x20000088      0x7d0 build/main.o
                0x20000088                Song
 .bss.CRC_Rx    0x20000858        0x4 build/main.o
                0x20000858                CRC_Rx
 .bss.Delay_counter
                0x2000085c        0x4 build/main.o
                0x2000085c                Delay_counter
 .bss.Delay_msec
                0x20000860        0x4 build/main.o
                0x20000860                Delay_msec
 .bss.Save_Pointer
                0x20000864        0x4 build/main.o
                0x20000864                Save_Pointer
 .bss.Message_Pointer
                0x20000868        0x4 build/main.o
                0x20000868                Message_Pointer
 .bss.Message_Length
                0x2000086c        0x1 build/main.o
                0x2000086c                Message_Length
 .bss.Animate_On
                0x2000086d        0x1 build/main.o
                0x2000086d                Animate_On
 *fill*         0x2000086e        0x2 
 .bss.Vibrato_Count
                0x20000870        0x4 build/main.o
                0x20000870                Vibrato_Count
 .bss.Save_Note
                0x20000874        0x4 build/main.o
                0x20000874                Save_Note
 .bss.INDEX     0x20000878        0x4 build/main.o
                0x20000878                INDEX
 .bss.COUNT     0x2000087c        0x4 build/main.o
                0x2000087c                COUNT
 .bss.TONE      0x20000880        0x4 build/main.o
                0x20000880                TONE
 .bss.Music_ON  0x20000884        0x1 build/main.o
                0x20000884                Music_ON
 .bss.DIM_Enable
                0x20000885        0x1 build/main.o
                0x20000885                DIM_Enable
 .bss.BLUE_BRT  0x20000886        0x1 build/main.o
                0x20000886                BLUE_BRT
 .bss.GREEN_BRT
                0x20000887        0x1 build/main.o
                0x20000887                GREEN_BRT
 .bss.RED_BRT   0x20000888        0x1 build/main.o
                0x20000888                RED_BRT
 .bss.ramp      0x20000889        0x1 build/main.o
                0x20000889                ramp
 *fill*         0x2000088a        0x2 
 .bss.htim7     0x2000088c       0x48 build/main.o
                0x2000088c                htim7
 .bss.hhcd_USB_OTG_FS
                0x200008d4      0x3e0 build/usbh_conf.o
                0x200008d4                hhcd_USB_OTG_FS
 .bss.uwTick    0x20000cb4        0x4 build/stm32f4xx_hal.o
                0x20000cb4                uwTick
 *(COMMON)
                0x20000cb8                        . = ALIGN (0x4)
                0x20000cb8                        _ebss = .
                0x20000cb8                        __bss_end__ = _ebss

._user_heap_stack
                0x20000cb8      0x600
                0x20000cb8                        . = ALIGN (0x8)
                [!provide]                        PROVIDE (end = .)
                0x20000cb8                        PROVIDE (_end = .)
                0x20000eb8                        . = (. + _Min_Heap_Size)
 *fill*         0x20000cb8      0x200 
                0x200012b8                        . = (. + _Min_Stack_Size)
 *fill*         0x20000eb8      0x400 
                0x200012b8                        . = ALIGN (0x8)

/DISCARD/
 libc.a(*)
 libm.a(*)
 libgcc.a(*)
OUTPUT(build/Lab11.elf elf32-littlearm)
LOAD linker stubs
LOAD /nix/store/3y7lyg1ykgxhlb9sa5iy0gb8hnshb302-gcc-arm-embedded-15.2.rel1/bin/../lib/gcc/arm-none-eabi/15.2.1/../../../../arm-none-eabi/lib/thumb/v7e-m+fp/hard/libc.a
LOAD /nix/store/3y7lyg1ykgxhlb9sa5iy0gb8hnshb302-gcc-arm-embedded-15.2.rel1/bin/../lib/gcc/arm-none-eabi/15.2.1/../../../../arm-none-eabi/lib/thumb/v7e-m+fp/hard/libm.a
LOAD /nix/store/3y7lyg1ykgxhlb9sa5iy0gb8hnshb302-gcc-arm-embedded-15.2.rel1/bin/../lib/gcc/arm-none-eabi/15.2.1/thumb/v7e-m+fp/hard/libgcc.a

.ARM.attributes
                0x00000000       0x30
 .ARM.attributes
                0x00000000       0x22 /nix/store/3y7lyg1ykgxhlb9sa5iy0gb8hnshb302-gcc-arm-embedded-15.2.rel1/bin/../lib/gcc/arm-none-eabi/15.2.1/thumb/v7e-m+fp/hard/crti.o
 .ARM.attributes
                0x00000022       0x34 /nix/store/3y7lyg1ykgxhlb9sa5iy0gb8hnshb302-gcc-arm-embedded-15.2.rel1/bin/../lib/gcc/arm-none-eabi/15.2.1/thumb/v7e-m+fp/hard/crtbegin.o
 .ARM.attributes
                0x00000056       0x34 build/main.o
 .ARM.attributes
                0x0000008a       0x34 build/stm32f4xx_it.o
 .ARM.attributes
                0x000000be       0x34 build/stm32f4xx_hal_msp.o
 .ARM.attributes
                0x000000f2       0x34 build/usbh_conf.o
 .ARM.attributes
                0x00000126       0x34 build/stm32f4xx_hal_hcd.o
 .ARM.attributes
                0x0000015a       0x34 build/stm32f4xx_ll_usb.o
 .ARM.attributes
                0x0000018e       0x34 build/stm32f4xx_hal_rcc.o
 .ARM.attributes
                0x000001c2       0x34 build/stm32f4xx_hal_gpio.o
 .ARM.attributes
                0x000001f6       0x34 build/stm32f4xx_hal_cortex.o
 .ARM.attributes
                0x0000022a       0x34 build/stm32f4xx_hal.o
 .ARM.attributes
                0x0000025e       0x34 build/stm32f4xx_hal_tim.o
 .ARM.attributes
                0x00000292       0x34 build/stm32f4xx_hal_tim_ex.o
 .ARM.attributes
                0x000002c6       0x34 build/system_stm32f4xx.o
 .ARM.attributes
                0x000002fa       0x34 build/usbh_core.o
 .ARM.attributes
                0x0000032e       0x34 build/usbh_pipes.o
 .ARM.attributes
                0x00000362       0x34 build/seg7.o
 .ARM.attributes
                0x00000396       0x21 build/startup_stm32f407xx.o
 .ARM.attributes
                0x000003b7       0x34 /nix/store/3y7lyg1ykgxhlb9sa5iy0gb8hnshb302-gcc-arm-embedded-15.2.rel1/bin/../lib/gcc/arm-none-eabi/15.2.1/../../../../arm-none-eabi/lib/thumb/v7e-m+fp/hard/libc_nano.a(libc_a-memset.o)
 .ARM.attributes
                0x000003eb       0x34 /nix/store/3y7lyg1ykgxhlb9sa5iy0gb8hnshb302-gcc-arm-embedded-15.2.rel1/bin/../lib/gcc/arm-none-eabi/15.2.1/../../../../arm-none-eabi/lib/thumb/v7e-m+fp/hard/libc_nano.a(libc_a-init.o)
 .ARM.attributes
                0x0000041f       0x22 /nix/store/3y7lyg1ykgxhlb9sa5iy0gb8hnshb302-gcc-arm-embedded-15.2.rel1/bin/../lib/gcc/arm-none-eabi/15.2.1/thumb/v7e-m+fp/hard/libgcc.a(_aeabi_uldivmod.o)
 .ARM.attributes
                0x00000441       0x34 /nix/store/3y7lyg1ykgxhlb9sa5iy0gb8hnshb302-gcc-arm-embedded-15.2.rel1/bin/../lib/gcc/arm-none-eabi/15.2.1/thumb/v7e-m+fp/hard/libgcc.a(_udivmoddi4.o)
 .ARM.attributes
                0x00000475       0x22 /nix/store/3y7lyg1ykgxhlb9sa5iy0gb8hnshb302-gcc-arm-embedded-15.2.rel1/bin/../lib/gcc/arm-none-eabi/15.2.1/thumb/v7e-m+fp/hard/libgcc.a(_dvmd_tls.o)
 .ARM.attributes
                0x00000497       0x34 /nix/store/3y7lyg1ykgxhlb9sa5iy0gb8hnshb302-gcc-arm-embedded-15.2.rel1/bin/../lib/gcc/arm-none-eabi/15.2.1/thumb/v7e-m+fp/hard/crtend.o
 .ARM.attributes
                0x000004cb       0x22 /nix/store/3y7lyg1ykgxhlb9sa5iy0gb8hnshb302-gcc-arm-embedded-15.2.rel1/bin/../lib/gcc/arm-none-eabi/15.2.1/thumb/v7e-m+fp/hard/crtn.o

.comment        0x00000000       0x45
 .comment       0x00000000       0x45 build/main.o
                                 0x46 (size before relaxing)
 .comment       0x00000045        0x0 build/stm32f4xx_it.o
                                 0x46 (size before relaxing)
 .comment       0x00000045        0x0 build/stm32f4xx_hal_msp.o
                                 0x46 (size before relaxing)
 .comment       0x00000045        0x0 build/usbh_conf.o
                                 0x46 (size before relaxing)
 .comment       0x00000045        0x0 build/stm32f4xx_hal_hcd.o
                                 0x46 (size before relaxing)
 .comment       0x00000045        0x0 build/stm32f4xx_ll_usb.o
                                 0x46 (size before relaxing)
 .comment       0x00000045        0x0 build/stm32f4xx_hal_rcc.o
                                 0x46 (size before relaxing)
 .comment       0x00000045        0x0 build/stm32f4xx_hal_gpio.o
                                 0x46 (size before relaxing)
 .comment       0x00000045        0x0 build/stm32f4xx_hal_cortex.o
                                 0x46 (size before relaxing)
 .comment       0x00000045        0x0 build/stm32f4xx_hal.o
                                 0x46 (size before relaxing)
 .comment       0x00000045        0x0 build/stm32f4xx_hal_tim.o
                                 0x46 (size before relaxing)
 .comment       0x00000045        0x0 build/stm32f4xx_hal_tim_ex.o
                                 0x46 (size before relaxing)
 .comment       0x00000045        0x0 build/system_stm32f4xx.o
                                 0x46 (size before relaxing)
 .comment       0x00000045        0x0 build/usbh_core.o
                                 0x46 (size before relaxing)
 .comment       0x00000045        0x0 build/usbh_pipes.o
                                 0x46 (size before relaxing)
 .comment       0x00000045        0x0 build/seg7.o
                                 0x46 (size before relaxing)

.debug_info     0x00000000    0x16a7b
 .debug_info    0x00000000     0x1f63 build/main.o
 .debug_info    0x00001f63     0x1153 build/stm32f4xx_it.o
 .debug_info    0x000030b6     0x1a17 build/stm32f4xx_hal_msp.o
 .debug_info    0x00004acd     0x238b build/usbh_conf.o
 .debug_info    0x00006e58     0x1b6a build/stm32f4xx_hal_hcd.o
 .debug_info    0x000089c2     0x2212 build/stm32f4xx_ll_usb.o
 .debug_info    0x0000abd4      0xc20 build/stm32f4xx_hal_rcc.o
 .debug_info    0x0000b7f4      0x84e build/stm32f4xx_hal_gpio.o
 .debug_info    0x0000c042     0x11e0 build/stm32f4xx_hal_cortex.o
 .debug_info    0x0000d222      0xaf5 build/stm32f4xx_hal.o
 .debug_info    0x0000dd17     0x4233 build/stm32f4xx_hal_tim.o
 .debug_info    0x00011f4a     0x1dbe build/stm32f4xx_hal_tim_ex.o
 .debug_info    0x00013d08      0x5b3 build/system_stm32f4xx.o
 .debug_info    0x000142bb     0x180b build/usbh_core.o
 .debug_info    0x00015ac6      0xcd7 build/usbh_pipes.o
 .debug_info    0x0001679d      0x2ae build/seg7.o
 .debug_info    0x00016a4b       0x30 build/startup_stm32f407xx.o

.debug_abbrev   0x00000000     0x2a77
 .debug_abbrev  0x00000000      0x2c4 build/main.o
 .debug_abbrev  0x000002c4      0x214 build/stm32f4xx_it.o
 .debug_abbrev  0x000004d8      0x25f build/stm32f4xx_hal_msp.o
 .debug_abbrev  0x00000737      0x3dd build/usbh_conf.o
 .debug_abbrev  0x00000b14      0x2d6 build/stm32f4xx_hal_hcd.o
 .debug_abbrev  0x00000dea      0x344 build/stm32f4xx_ll_usb.o
 .debug_abbrev  0x0000112e      0x2de build/stm32f4xx_hal_rcc.o
 .debug_abbrev  0x0000140c      0x23f build/stm32f4xx_hal_gpio.o
 .debug_abbrev  0x0000164b      0x3ca build/stm32f4xx_hal_cortex.o
 .debug_abbrev  0x00001a15      0x244 build/stm32f4xx_hal.o
 .debug_abbrev  0x00001c59      0x2bd build/stm32f4xx_hal_tim.o
 .debug_abbrev  0x00001f16      0x2b7 build/stm32f4xx_hal_tim_ex.o
 .debug_abbrev  0x000021cd      0x11b build/system_stm32f4xx.o
 .debug_abbrev  0x000022e8      0x383 build/usbh_core.o
 .debug_abbrev  0x0000266b      0x2a3 build/usbh_pipes.o
 .debug_abbrev  0x0000290e      0x14c build/seg7.o
 .debug_abbrev  0x00002a5a       0x1d build/startup_stm32f407xx.o

.debug_loc      0x00000000     0xf88d
 .debug_loc     0x00000000      0x129 build/main.o
 .debug_loc     0x00000129       0x60 build/stm32f4xx_it.o
 .debug_loc     0x00000189      0x40b build/stm32f4xx_hal_msp.o
 .debug_loc     0x00000594      0xce2 build/usbh_conf.o
 .debug_loc     0x00001276     0x103c build/stm32f4xx_hal_hcd.o
 .debug_loc     0x000022b2     0x2934 build/stm32f4xx_ll_usb.o
 .debug_loc     0x00004be6      0x6de build/stm32f4xx_hal_rcc.o
 .debug_loc     0x000052c4      0x5d5 build/stm32f4xx_hal_gpio.o
 .debug_loc     0x00005899      0x896 build/stm32f4xx_hal_cortex.o
 .debug_loc     0x0000612f      0x1f9 build/stm32f4xx_hal.o
 .debug_loc     0x00006328     0x61b6 build/stm32f4xx_hal_tim.o
 .debug_loc     0x0000c4de     0x2374 build/stm32f4xx_hal_tim_ex.o
 .debug_loc     0x0000e852       0xb0 build/system_stm32f4xx.o
 .debug_loc     0x0000e902      0xb50 build/usbh_core.o
 .debug_loc     0x0000f452      0x2c6 build/usbh_pipes.o
 .debug_loc     0x0000f718      0x175 build/seg7.o

.debug_aranges  0x00000000      0xe18
 .debug_aranges
                0x00000000       0x40 build/main.o
 .debug_aranges
                0x00000040       0x70 build/stm32f4xx_it.o
 .debug_aranges
                0x000000b0       0x60 build/stm32f4xx_hal_msp.o
 .debug_aranges
                0x00000110       0xe0 build/usbh_conf.o
 .debug_aranges
                0x000001f0      0x108 build/stm32f4xx_hal_hcd.o
 .debug_aranges
                0x000002f8      0x1a0 build/stm32f4xx_ll_usb.o
 .debug_aranges
                0x00000498       0x88 build/stm32f4xx_hal_rcc.o
 .debug_aranges
                0x00000520       0x58 build/stm32f4xx_hal_gpio.o
 .debug_aranges
                0x00000578       0xf8 build/stm32f4xx_hal_cortex.o
 .debug_aranges
                0x00000670       0xf0 build/stm32f4xx_hal.o
 .debug_aranges
                0x00000760      0x3d0 build/stm32f4xx_hal_tim.o
 .debug_aranges
                0x00000b30      0x168 build/stm32f4xx_hal_tim_ex.o
 .debug_aranges
                0x00000c98       0x28 build/system_stm32f4xx.o
 .debug_aranges
                0x00000cc0       0xc0 build/usbh_core.o
 .debug_aranges
                0x00000d80       0x40 build/usbh_pipes.o
 .debug_aranges
                0x00000dc0       0x30 build/seg7.o
 .debug_aranges
                0x00000df0       0x28 build/startup_stm32f407xx.o

.debug_ranges   0x00000000      0xd40
 .debug_ranges  0x00000000       0x48 build/main.o
 .debug_ranges  0x00000048       0x60 build/stm32f4xx_it.o
 .debug_ranges  0x000000a8       0x50 build/stm32f4xx_hal_msp.o
 .debug_ranges  0x000000f8       0xd0 build/usbh_conf.o
 .debug_ranges  0x000001c8       0xf8 build/stm32f4xx_hal_hcd.o
 .debug_ranges  0x000002c0      0x190 build/stm32f4xx_ll_usb.o
 .debug_ranges  0x00000450       0x90 build/stm32f4xx_hal_rcc.o
 .debug_ranges  0x000004e0       0x48 build/stm32f4xx_hal_gpio.o
 .debug_ranges  0x00000528       0xe8 build/stm32f4xx_hal_cortex.o
 .debug_ranges  0x00000610       0xe0 build/stm32f4xx_hal.o
 .debug_ranges  0x000006f0      0x3c0 build/stm32f4xx_hal_tim.o
 .debug_ranges  0x00000ab0      0x158 build/stm32f4xx_hal_tim_ex.o
 .debug_ranges  0x00000c08       0x18 build/system_stm32f4xx.o
 .debug_ranges  0x00000c20       0xb0 build/usbh_core.o
 .debug_ranges  0x00000cd0       0x30 build/usbh_pipes.o
 .debug_ranges  0x00000d00       0x20 build/seg7.o
 .debug_ranges  0x00000d20       0x20 build/startup_stm32f407xx.o

.debug_line     0x00000000     0xe6d6
 .debug_line    0x00000000      0x6c0 build/main.o
 .debug_line    0x000006c0      0x58f build/stm32f4xx_it.o
 .debug_line    0x00000c4f      0x516 build/stm32f4xx_hal_msp.o
 .debug_line    0x00001165      0x722 build/usbh_conf.o
 .debug_line    0x00001887     0x154f build/stm32f4xx_hal_hcd.o
 .debug_line    0x00002dd6     0x1fba build/stm32f4xx_ll_usb.o
 .debug_line    0x00004d90      0xbec build/stm32f4xx_hal_rcc.o
 .debug_line    0x0000597c      0x715 build/stm32f4xx_hal_gpio.o
 .debug_line    0x00006091      0x865 build/stm32f4xx_hal_cortex.o
 .debug_line    0x000068f6      0x595 build/stm32f4xx_hal.o
 .debug_line    0x00006e8b     0x4770 build/stm32f4xx_hal_tim.o
 .debug_line    0x0000b5fb     0x1a6c build/stm32f4xx_hal_tim_ex.o
 .debug_line    0x0000d067      0x279 build/system_stm32f4xx.o
 .debug_line    0x0000d2e0      0xea5 build/usbh_core.o
 .debug_line    0x0000e185      0x28d build/usbh_pipes.o
 .debug_line    0x0000e412      0x251 build/seg7.o
 .debug_line    0x0000e663       0x73 build/startup_stm32f407xx.o

.debug_str      0x00000000     0x5416
 .debug_str     0x00000000     0x5416 build/main.o
                               0x124b (size before relaxing)
 .debug_str     0x00005416        0x0 build/stm32f4xx_it.o
                                0xd04 (size before relaxing)
 .debug_str     0x00005416        0x0 build/stm32f4xx_hal_msp.o
                               0x14d1 (size before relaxing)
 .debug_str     0x00005416        0x0 build/usbh_conf.o
                               0x19ad (size before relaxing)
 .debug_str     0x00005416        0x0 build/stm32f4xx_hal_hcd.o
                                0xc2b (size before relaxing)
 .debug_str     0x00005416        0x0 build/stm32f4xx_ll_usb.o
                                0xcfc (size before relaxing)
 .debug_str     0x00005416        0x0 build/stm32f4xx_hal_rcc.o
                                0x6d4 (size before relaxing)
 .debug_str     0x00005416        0x0 build/stm32f4xx_hal_gpio.o
                                0x4ae (size before relaxing)
 .debug_str     0x00005416        0x0 build/stm32f4xx_hal_cortex.o
                                0xc43 (size before relaxing)
 .debug_str     0x00005416        0x0 build/stm32f4xx_hal.o
                                0xb32 (size before relaxing)
 .debug_str     0x00005416        0x0 build/stm32f4xx_hal_tim.o
                               0x16cd (size before relaxing)
 .debug_str     0x00005416        0x0 build/stm32f4xx_hal_tim_ex.o
                                0xed9 (size before relaxing)
 .debug_str     0x00005416        0x0 build/system_stm32f4xx.o
                                0x343 (size before relaxing)
 .debug_str     0x00005416        0x0 build/usbh_core.o
                                0xce2 (size before relaxing)
 .debug_str     0x00005416        0x0 build/usbh_pipes.o
                                0xa57 (size before relaxing)
 .debug_str     0x00005416        0x0 build/seg7.o
                                0x20f (size before relaxing)
 .debug_str     0x00005416        0x0 build/startup_stm32f407xx.o
                                 0x50 (size before relaxing)

.debug_frame    0x00000000     0x24a0
 .debug_frame   0x00000000       0xac build/main.o
 .debug_frame   0x000000ac       0xdc build/stm32f4xx_it.o
 .debug_frame   0x00000188      0x110 build/stm32f4xx_hal_msp.o
 .debug_frame   0x00000298      0x250 build/usbh_conf.o
 .debug_frame   0x000004e8      0x2d8 build/stm32f4xx_hal_hcd.o
 .debug_frame   0x000007c0      0x464 build/stm32f4xx_ll_usb.o
 .debug_frame   0x00000c24      0x16c build/stm32f4xx_hal_rcc.o
 .debug_frame   0x00000d90       0xd0 build/stm32f4xx_hal_gpio.o
 .debug_frame   0x00000e60      0x214 build/stm32f4xx_hal_cortex.o
 .debug_frame   0x00001074      0x1ec build/stm32f4xx_hal.o
 .debug_frame   0x00001260      0xab0 build/stm32f4xx_hal_tim.o
 .debug_frame   0x00001d10      0x3e8 build/stm32f4xx_hal_tim_ex.o
 .debug_frame   0x000020f8       0x30 build/system_stm32f4xx.o
 .debug_frame   0x00002128      0x1f0 build/usbh_core.o
 .debug_frame   0x00002318       0x80 build/usbh_pipes.o
 .debug_frame   0x00002398       0x4c build/seg7.o
 .debug_frame   0x000023e4       0x20 /nix/store/3y7lyg1ykgxhlb9sa5iy0gb8hnshb302-gcc-arm-embedded-15.2.rel1/bin/../lib/gcc/arm-none-eabi/15.2.1/../../../../arm-none-eabi/lib/thumb/v7e-m+fp/hard/libc_nano.a(libc_a-memset.o)
 .debug_frame   0x00002404       0x2c /nix/store/3y7lyg1ykgxhlb9sa5iy0gb8hnshb302-gcc-arm-embedded-15.2.rel1/bin/../lib/gcc/arm-none-eabi/15.2.1/../../../../arm-none-eabi/lib/thumb/v7e-m+fp/hard/libc_nano.a(libc_a-init.o)
 .debug_frame   0x00002430       0x2c /nix/store/3y7lyg1ykgxhlb9sa5iy0gb8hnshb302-gcc-arm-embedded-15.2.rel1/bin/../lib/gcc/arm-none-eabi/15.2.1/thumb/v7e-m+fp/hard/libgcc.a(_aeabi_uldivmod.o)
 .debug_frame   0x0000245c       0x44 /nix/store/3y7lyg1ykgxhlb9sa5iy0gb8hnshb302-gcc-arm-embedded-15.2.rel1/bin/../lib/gcc/arm-none-eabi/15.2.1/thumb/v7e-m+fp/hard/libgcc.a(_udivmoddi4.o)

.debug_line_str
                0x00000000       0xce
 .debug_line_str
                0x00000000       0xce /nix/store/3y7lyg1ykgxhlb9sa5iy0gb8hnshb302-gcc-arm-embedded-15.2.rel1/bin/../lib/gcc/arm-none-eabi/15.2.1/thumb/v7e-m+fp/hard/libgcc.a(_aeabi_uldivmod.o)
                                 0xc2 (size before relaxing)
 .debug_line_str
                0x000000ce        0x0 /nix/store/3y7lyg1ykgxhlb9sa5iy0gb8hnshb302-gcc-arm-embedded-15.2.rel1/bin/../lib/gcc/arm-none-eabi/15.2.1/thumb/v7e-m+fp/hard/libgcc.a(_dvmd_tls.o)
                                 0xc6 (size before relaxing)

Cross Reference Table

Symbol                                            File
ADC_IRQHandler                                    build/startup_stm32f407xx.o
AHBPrescTable                                     build/system_stm32f4xx.o
                                                  build/stm32f4xx_hal_rcc.o
APBPrescTable                                     build/system_stm32f4xx.o
                                                  build/stm32f4xx_hal_rcc.o
Animate_On                                        build/main.o
                                                  build/stm32f4xx_it.o
Appli_state                                       build/usb_host.o
BLUE_BRT                                          build/main.o
                                                  build/stm32f4xx_it.o
BLUE_STEP                                         build/main.o
BusFault_Handler                                  build/stm32f4xx_it.o
CAN1_RX0_IRQHandler                               build/startup_stm32f407xx.o
CAN1_RX1_IRQHandler                               build/startup_stm32f407xx.o
CAN1_SCE_IRQHandler                               build/startup_stm32f407xx.o
CAN1_TX_IRQHandler                                build/startup_stm32f407xx.o
CAN2_RX0_IRQHandler                               build/startup_stm32f407xx.o
CAN2_RX1_IRQHandler                               build/startup_stm32f407xx.o
CAN2_SCE_IRQHandler                               build/startup_stm32f407xx.o
CAN2_TX_IRQHandler                                build/startup_stm32f407xx.o
CDC_Class                                         build/usbh_cdc.o
                                                  build/usb_host.o
COUNT                                             build/main.o
                                                  build/stm32f4xx_it.o
CRC_Rx                                            build/main.o
CRC_Tx                                            build/main.o
DCMI_IRQHandler                                   build/startup_stm32f407xx.o
DIM_Enable                                        build/main.o
                                                  build/stm32f4xx_it.o
DMA1_Stream0_IRQHandler                           build/startup_stm32f407xx.o
DMA1_Stream1_IRQHandler                           build/startup_stm32f407xx.o
DMA1_Stream2_IRQHandler                           build/startup_stm32f407xx.o
DMA1_Stream3_IRQHandler                           build/startup_stm32f407xx.o
DMA1_Stream4_IRQHandler                           build/startup_stm32f407xx.o
DMA1_Stream5_IRQHandler                           build/startup_stm32f407xx.o
DMA1_Stream6_IRQHandler                           build/startup_stm32f407xx.o
DMA1_Stream7_IRQHandler                           build/startup_stm32f407xx.o
DMA2_Stream0_IRQHandler                           build/startup_stm32f407xx.o
DMA2_Stream1_IRQHandler                           build/startup_stm32f407xx.o
DMA2_Stream2_IRQHandler                           build/startup_stm32f407xx.o
DMA2_Stream3_IRQHandler                           build/startup_stm32f407xx.o
DMA2_Stream4_IRQHandler                           build/startup_stm32f407xx.o
DMA2_Stream5_IRQHandler                           build/startup_stm32f407xx.o
DMA2_Stream6_IRQHandler                           build/startup_stm32f407xx.o
DMA2_Stream7_IRQHandler                           build/startup_stm32f407xx.o
DebugMon_Handler                                  build/stm32f4xx_it.o
Default_Handler                                   build/startup_stm32f407xx.o
DelayValue                                        build/main.o
Delay_counter                                     build/main.o
                                                  build/stm32f4xx_it.o
Delay_msec                                        build/main.o
                                                  build/stm32f4xx_it.o
ETH_IRQHandler                                    build/startup_stm32f407xx.o
ETH_WKUP_IRQHandler                               build/startup_stm32f407xx.o
EXTI0_IRQHandler                                  build/startup_stm32f407xx.o
EXTI15_10_IRQHandler                              build/startup_stm32f407xx.o
EXTI1_IRQHandler                                  build/startup_stm32f407xx.o
EXTI2_IRQHandler                                  build/startup_stm32f407xx.o
EXTI3_IRQHandler                                  build/startup_stm32f407xx.o
EXTI4_IRQHandler                                  build/startup_stm32f407xx.o
EXTI9_5_IRQHandler                                build/startup_stm32f407xx.o
Error_Handler                                     build/main.o
                                                  build/usb_host.o
                                                  build/usbh_conf.o
                                                  build/stm32f4xx_hal_msp.o
FLASH_Erase_Sector                                build/stm32f4xx_hal_flash_ex.o
                                                  build/stm32f4xx_hal_flash.o
FLASH_FlushCaches                                 build/stm32f4xx_hal_flash_ex.o
                                                  build/stm32f4xx_hal_flash.o
FLASH_IRQHandler                                  build/startup_stm32f407xx.o
FLASH_WaitForLastOperation                        build/stm32f4xx_hal_flash.o
                                                  build/stm32f4xx_hal_flash_ex.o
FPU_IRQHandler                                    build/startup_stm32f407xx.o
FSMC_IRQHandler                                   build/startup_stm32f407xx.o
GREEN_BRT                                         build/main.o
                                                  build/stm32f4xx_it.o
GREEN_STEP                                        build/main.o
HAL_CORTEX_ClearEvent                             build/stm32f4xx_hal_cortex.o
HAL_DBGMCU_DisableDBGSleepMode                    build/stm32f4xx_hal.o
HAL_DBGMCU_DisableDBGStandbyMode                  build/stm32f4xx_hal.o
HAL_DBGMCU_DisableDBGStopMode                     build/stm32f4xx_hal.o
HAL_DBGMCU_EnableDBGSleepMode                     build/stm32f4xx_hal.o
HAL_DBGMCU_EnableDBGStandbyMode                   build/stm32f4xx_hal.o
HAL_DBGMCU_EnableDBGStopMode                      build/stm32f4xx_hal.o
HAL_DMAEx_ChangeMemory                            build/stm32f4xx_hal_dma_ex.o
HAL_DMAEx_MultiBufferStart                        build/stm32f4xx_hal_dma_ex.o
HAL_DMAEx_MultiBufferStart_IT                     build/stm32f4xx_hal_dma_ex.o
HAL_DMA_Abort                                     build/stm32f4xx_hal_dma.o
                                                  build/stm32f4xx_hal_spi.o
                                                  build/stm32f4xx_hal_i2s.o
HAL_DMA_Abort_IT                                  build/stm32f4xx_hal_dma.o
                                                  build/stm32f4xx_hal_tim_ex.o
                                                  build/stm32f4xx_hal_tim.o
                                                  build/stm32f4xx_hal_spi.o
                                                  build/stm32f4xx_hal_i2c.o
HAL_DMA_DeInit                                    build/stm32f4xx_hal_dma.o
HAL_DMA_GetError                                  build/stm32f4xx_hal_dma.o
                                                  build/stm32f4xx_hal_i2c.o
HAL_DMA_GetState                                  build/stm32f4xx_hal_dma.o
                                                  build/stm32f4xx_hal_i2c.o
HAL_DMA_IRQHandler                                build/stm32f4xx_hal_dma.o
HAL_DMA_Init                                      build/stm32f4xx_hal_dma.o
HAL_DMA_PollForTransfer                           build/stm32f4xx_hal_dma.o
HAL_DMA_RegisterCallback                          build/stm32f4xx_hal_dma.o
HAL_DMA_Start                                     build/stm32f4xx_hal_dma.o
HAL_DMA_Start_IT                                  build/stm32f4xx_hal_dma.o
                                                  build/stm32f4xx_hal_tim_ex.o
                                                  build/stm32f4xx_hal_tim.o
                                                  build/stm32f4xx_hal_spi.o
                                                  build/stm32f4xx_hal_i2s_ex.o
                                                  build/stm32f4xx_hal_i2s.o
                                                  build/stm32f4xx_hal_i2c.o
HAL_DMA_UnRegisterCallback                        build/stm32f4xx_hal_dma.o
HAL_DeInit                                        build/stm32f4xx_hal.o
HAL_Delay                                         build/stm32f4xx_hal.o
                                                  build/stm32f4xx_ll_usb.o
                                                  build/usbh_conf.o
                                                  build/main.o
HAL_DisableCompensationCell                       build/stm32f4xx_hal.o
HAL_EXTI_ClearConfigLine                          build/stm32f4xx_hal_exti.o
HAL_EXTI_ClearPending                             build/stm32f4xx_hal_exti.o
HAL_EXTI_GenerateSWI                              build/stm32f4xx_hal_exti.o
HAL_EXTI_GetConfigLine                            build/stm32f4xx_hal_exti.o
HAL_EXTI_GetHandle                                build/stm32f4xx_hal_exti.o
HAL_EXTI_GetPending                               build/stm32f4xx_hal_exti.o
HAL_EXTI_IRQHandler                               build/stm32f4xx_hal_exti.o
HAL_EXTI_RegisterCallback                         build/stm32f4xx_hal_exti.o
HAL_EXTI_SetConfigLine                            build/stm32f4xx_hal_exti.o
HAL_EnableCompensationCell                        build/stm32f4xx_hal.o
HAL_FLASHEx_Erase                                 build/stm32f4xx_hal_flash_ex.o
HAL_FLASHEx_Erase_IT                              build/stm32f4xx_hal_flash_ex.o
HAL_FLASHEx_OBGetConfig                           build/stm32f4xx_hal_flash_ex.o
HAL_FLASHEx_OBProgram                             build/stm32f4xx_hal_flash_ex.o
HAL_FLASH_EndOfOperationCallback                  build/stm32f4xx_hal_flash.o
HAL_FLASH_GetError                                build/stm32f4xx_hal_flash.o
HAL_FLASH_IRQHandler                              build/stm32f4xx_hal_flash.o
HAL_FLASH_Lock                                    build/stm32f4xx_hal_flash.o
HAL_FLASH_OB_Launch                               build/stm32f4xx_hal_flash.o
HAL_FLASH_OB_Lock                                 build/stm32f4xx_hal_flash.o
HAL_FLASH_OB_Unlock                               build/stm32f4xx_hal_flash.o
HAL_FLASH_OperationErrorCallback                  build/stm32f4xx_hal_flash.o
HAL_FLASH_Program                                 build/stm32f4xx_hal_flash.o
HAL_FLASH_Program_IT                              build/stm32f4xx_hal_flash.o
HAL_FLASH_Unlock                                  build/stm32f4xx_hal_flash.o
HAL_GPIO_DeInit                                   build/stm32f4xx_hal_gpio.o
                                                  build/usbh_conf.o
                                                  build/stm32f4xx_hal_msp.o
HAL_GPIO_EXTI_Callback                            build/stm32f4xx_hal_gpio.o
HAL_GPIO_EXTI_IRQHandler                          build/stm32f4xx_hal_gpio.o
HAL_GPIO_Init                                     build/stm32f4xx_hal_gpio.o
                                                  build/stm32f4xx_hal_rcc.o
                                                  build/usbh_conf.o
                                                  build/stm32f4xx_hal_msp.o
                                                  build/main.o
HAL_GPIO_LockPin                                  build/stm32f4xx_hal_gpio.o
HAL_GPIO_ReadPin                                  build/stm32f4xx_hal_gpio.o
HAL_GPIO_TogglePin                                build/stm32f4xx_hal_gpio.o
HAL_GPIO_WritePin                                 build/stm32f4xx_hal_gpio.o
                                                  build/usbh_platform.o
                                                  build/main.o
HAL_GetDEVID                                      build/stm32f4xx_hal.o
HAL_GetHalVersion                                 build/stm32f4xx_hal.o
HAL_GetREVID                                      build/stm32f4xx_hal.o
HAL_GetTick                                       build/stm32f4xx_hal.o
                                                  build/stm32f4xx_hal_spi.o
                                                  build/stm32f4xx_hal_i2s_ex.o
                                                  build/stm32f4xx_hal_i2s.o
                                                  build/stm32f4xx_hal_i2c.o
                                                  build/stm32f4xx_hal_pwr_ex.o
                                                  build/stm32f4xx_hal_dma.o
                                                  build/stm32f4xx_hal_flash.o
                                                  build/stm32f4xx_hal_rcc_ex.o
                                                  build/stm32f4xx_hal_rcc.o
HAL_GetTickFreq                                   build/stm32f4xx_hal.o
HAL_GetTickPrio                                   build/stm32f4xx_hal.o
HAL_GetUIDw0                                      build/stm32f4xx_hal.o
HAL_GetUIDw1                                      build/stm32f4xx_hal.o
HAL_GetUIDw2                                      build/stm32f4xx_hal.o
HAL_HCD_Connect_Callback                          build/usbh_conf.o
HAL_HCD_DeInit                                    build/stm32f4xx_hal_hcd.o
                                                  build/usbh_conf.o
HAL_HCD_Disconnect_Callback                       build/usbh_conf.o
HAL_HCD_GetCurrentFrame                           build/stm32f4xx_hal_hcd.o
                                                  build/usbh_conf.o
HAL_HCD_GetCurrentSpeed                           build/stm32f4xx_hal_hcd.o
                                                  build/usbh_conf.o
HAL_HCD_GetState                                  build/stm32f4xx_hal_hcd.o
HAL_HCD_HC_ClearHubInfo                           build/stm32f4xx_hal_hcd.o
HAL_HCD_HC_GetState                               build/stm32f4xx_hal_hcd.o
HAL_HCD_HC_GetURBState                            build/stm32f4xx_hal_hcd.o
                                                  build/usbh_conf.o
HAL_HCD_HC_GetXferCount                           build/stm32f4xx_hal_hcd.o
                                                  build/usbh_conf.o
HAL_HCD_HC_Halt                                   build/stm32f4xx_hal_hcd.o
HAL_HCD_HC_Init                                   build/stm32f4xx_hal_hcd.o
                                                  build/usbh_conf.o
HAL_HCD_HC_NotifyURBChange_Callback               build/usbh_conf.o
HAL_HCD_HC_SetHubInfo                             build/stm32f4xx_hal_hcd.o
HAL_HCD_HC_SubmitRequest                          build/stm32f4xx_hal_hcd.o
                                                  build/usbh_conf.o
HAL_HCD_IRQHandler                                build/stm32f4xx_hal_hcd.o
                                                  build/stm32f4xx_it.o
HAL_HCD_Init                                      build/stm32f4xx_hal_hcd.o
                                                  build/usbh_conf.o
HAL_HCD_MspDeInit                                 build/usbh_conf.o
HAL_HCD_MspInit                                   build/usbh_conf.o
HAL_HCD_PortDisabled_Callback                     build/usbh_conf.o
HAL_HCD_PortEnabled_Callback                      build/usbh_conf.o
HAL_HCD_ResetPort                                 build/stm32f4xx_hal_hcd.o
                                                  build/usbh_conf.o
HAL_HCD_SOF_Callback                              build/usbh_conf.o
HAL_HCD_Start                                     build/stm32f4xx_hal_hcd.o
                                                  build/usbh_conf.o
HAL_HCD_Stop                                      build/stm32f4xx_hal_hcd.o
                                                  build/usbh_conf.o
HAL_HCD_WKUP_IRQHandler                           build/stm32f4xx_hal_hcd.o
HAL_I2C_AbortCpltCallback                         build/stm32f4xx_hal_i2c.o
HAL_I2C_AddrCallback                              build/stm32f4xx_hal_i2c.o
HAL_I2C_DeInit                                    build/stm32f4xx_hal_i2c.o
HAL_I2C_DisableListen_IT                          build/stm32f4xx_hal_i2c.o
HAL_I2C_ER_IRQHandler                             build/stm32f4xx_hal_i2c.o
HAL_I2C_EV_IRQHandler                             build/stm32f4xx_hal_i2c.o
HAL_I2C_EnableListen_IT                           build/stm32f4xx_hal_i2c.o
HAL_I2C_ErrorCallback                             build/stm32f4xx_hal_i2c.o
HAL_I2C_GetError                                  build/stm32f4xx_hal_i2c.o
HAL_I2C_GetMode                                   build/stm32f4xx_hal_i2c.o
HAL_I2C_GetState                                  build/stm32f4xx_hal_i2c.o
HAL_I2C_Init                                      build/stm32f4xx_hal_i2c.o
HAL_I2C_IsDeviceReady                             build/stm32f4xx_hal_i2c.o
HAL_I2C_ListenCpltCallback                        build/stm32f4xx_hal_i2c.o
HAL_I2C_MasterRxCpltCallback                      build/stm32f4xx_hal_i2c.o
HAL_I2C_MasterTxCpltCallback                      build/stm32f4xx_hal_i2c.o
HAL_I2C_Master_Abort_IT                           build/stm32f4xx_hal_i2c.o
HAL_I2C_Master_Receive                            build/stm32f4xx_hal_i2c.o
HAL_I2C_Master_Receive_DMA                        build/stm32f4xx_hal_i2c.o
HAL_I2C_Master_Receive_IT                         build/stm32f4xx_hal_i2c.o
HAL_I2C_Master_Seq_Receive_DMA                    build/stm32f4xx_hal_i2c.o
HAL_I2C_Master_Seq_Receive_IT                     build/stm32f4xx_hal_i2c.o
HAL_I2C_Master_Seq_Transmit_DMA                   build/stm32f4xx_hal_i2c.o
HAL_I2C_Master_Seq_Transmit_IT                    build/stm32f4xx_hal_i2c.o
HAL_I2C_Master_Transmit                           build/stm32f4xx_hal_i2c.o
HAL_I2C_Master_Transmit_DMA                       build/stm32f4xx_hal_i2c.o
HAL_I2C_Master_Transmit_IT                        build/stm32f4xx_hal_i2c.o
HAL_I2C_MemRxCpltCallback                         build/stm32f4xx_hal_i2c.o
HAL_I2C_MemTxCpltCallback                         build/stm32f4xx_hal_i2c.o
HAL_I2C_Mem_Read                                  build/stm32f4xx_hal_i2c.o
HAL_I2C_Mem_Read_DMA                              build/stm32f4xx_hal_i2c.o
HAL_I2C_Mem_Read_IT                               build/stm32f4xx_hal_i2c.o
HAL_I2C_Mem_Write                                 build/stm32f4xx_hal_i2c.o
HAL_I2C_Mem_Write_DMA                             build/stm32f4xx_hal_i2c.o
HAL_I2C_Mem_Write_IT                              build/stm32f4xx_hal_i2c.o
HAL_I2C_MspDeInit                                 build/stm32f4xx_hal_msp.o
HAL_I2C_MspInit                                   build/stm32f4xx_hal_msp.o
HAL_I2C_SlaveRxCpltCallback                       build/stm32f4xx_hal_i2c.o
HAL_I2C_SlaveTxCpltCallback                       build/stm32f4xx_hal_i2c.o
HAL_I2C_Slave_Receive                             build/stm32f4xx_hal_i2c.o
HAL_I2C_Slave_Receive_DMA                         build/stm32f4xx_hal_i2c.o
HAL_I2C_Slave_Receive_IT                          build/stm32f4xx_hal_i2c.o
HAL_I2C_Slave_Seq_Receive_DMA                     build/stm32f4xx_hal_i2c.o
HAL_I2C_Slave_Seq_Receive_IT                      build/stm32f4xx_hal_i2c.o
HAL_I2C_Slave_Seq_Transmit_DMA                    build/stm32f4xx_hal_i2c.o
HAL_I2C_Slave_Seq_Transmit_IT                     build/stm32f4xx_hal_i2c.o
HAL_I2C_Slave_Transmit                            build/stm32f4xx_hal_i2c.o
HAL_I2C_Slave_Transmit_DMA                        build/stm32f4xx_hal_i2c.o
HAL_I2C_Slave_Transmit_IT                         build/stm32f4xx_hal_i2c.o
HAL_I2SEx_FullDuplex_IRQHandler                   build/stm32f4xx_hal_i2s_ex.o
                                                  build/stm32f4xx_hal_i2s.o
HAL_I2SEx_TransmitReceive                         build/stm32f4xx_hal_i2s_ex.o
HAL_I2SEx_TransmitReceive_DMA                     build/stm32f4xx_hal_i2s_ex.o
HAL_I2SEx_TransmitReceive_IT                      build/stm32f4xx_hal_i2s_ex.o
HAL_I2SEx_TxRxCpltCallback                        build/stm32f4xx_hal_i2s_ex.o
HAL_I2SEx_TxRxHalfCpltCallback                    build/stm32f4xx_hal_i2s_ex.o
HAL_I2S_DMAPause                                  build/stm32f4xx_hal_i2s.o
HAL_I2S_DMAResume                                 build/stm32f4xx_hal_i2s.o
HAL_I2S_DMAStop                                   build/stm32f4xx_hal_i2s.o
HAL_I2S_DeInit                                    build/stm32f4xx_hal_i2s.o
HAL_I2S_ErrorCallback                             build/stm32f4xx_hal_i2s.o
                                                  build/stm32f4xx_hal_i2s_ex.o
HAL_I2S_GetError                                  build/stm32f4xx_hal_i2s.o
HAL_I2S_GetState                                  build/stm32f4xx_hal_i2s.o
HAL_I2S_IRQHandler                                build/stm32f4xx_hal_i2s.o
HAL_I2S_Init                                      build/stm32f4xx_hal_i2s.o
HAL_I2S_MspDeInit                                 build/stm32f4xx_hal_msp.o
HAL_I2S_MspInit                                   build/stm32f4xx_hal_msp.o
HAL_I2S_Receive                                   build/stm32f4xx_hal_i2s.o
HAL_I2S_Receive_DMA                               build/stm32f4xx_hal_i2s.o
HAL_I2S_Receive_IT                                build/stm32f4xx_hal_i2s.o
HAL_I2S_RxCpltCallback                            build/stm32f4xx_hal_i2s.o
HAL_I2S_RxHalfCpltCallback                        build/stm32f4xx_hal_i2s.o
HAL_I2S_Transmit                                  build/stm32f4xx_hal_i2s.o
HAL_I2S_Transmit_DMA                              build/stm32f4xx_hal_i2s.o
HAL_I2S_Transmit_IT                               build/stm32f4xx_hal_i2s.o
HAL_I2S_TxCpltCallback                            build/stm32f4xx_hal_i2s.o
HAL_I2S_TxHalfCpltCallback                        build/stm32f4xx_hal_i2s.o
HAL_IncTick                                       build/stm32f4xx_hal.o
                                                  build/stm32f4xx_it.o
HAL_Init                                          build/stm32f4xx_hal.o
                                                  build/main.o
HAL_InitTick                                      build/stm32f4xx_hal.o
                                                  build/stm32f4xx_hal_rcc_ex.o
                                                  build/stm32f4xx_hal_rcc.o
HAL_MPU_ConfigRegion                              build/stm32f4xx_hal_cortex.o
HAL_MPU_Disable                                   build/stm32f4xx_hal_cortex.o
HAL_MPU_DisableRegion                             build/stm32f4xx_hal_cortex.o
HAL_MPU_Enable                                    build/stm32f4xx_hal_cortex.o
HAL_MPU_EnableRegion                              build/stm32f4xx_hal_cortex.o
HAL_MspDeInit                                     build/stm32f4xx_hal.o
HAL_MspInit                                       build/stm32f4xx_hal_msp.o
HAL_NVIC_ClearPendingIRQ                          build/stm32f4xx_hal_cortex.o
HAL_NVIC_DisableIRQ                               build/stm32f4xx_hal_cortex.o
                                                  build/usbh_conf.o
                                                  build/stm32f4xx_hal_msp.o
HAL_NVIC_EnableIRQ                                build/stm32f4xx_hal_cortex.o
                                                  build/usbh_conf.o
                                                  build/stm32f4xx_hal_msp.o
HAL_NVIC_GetActive                                build/stm32f4xx_hal_cortex.o
HAL_NVIC_GetPendingIRQ                            build/stm32f4xx_hal_cortex.o
HAL_NVIC_GetPriority                              build/stm32f4xx_hal_cortex.o
HAL_NVIC_GetPriorityGrouping                      build/stm32f4xx_hal_cortex.o
HAL_NVIC_SetPendingIRQ                            build/stm32f4xx_hal_cortex.o
HAL_NVIC_SetPriority                              build/stm32f4xx_hal_cortex.o
                                                  build/stm32f4xx_hal.o
                                                  build/usbh_conf.o
                                                  build/stm32f4xx_hal_msp.o
HAL_NVIC_SetPriorityGrouping                      build/stm32f4xx_hal_cortex.o
                                                  build/stm32f4xx_hal.o
                                                  build/stm32f4xx_hal_msp.o
HAL_NVIC_SystemReset                              build/stm32f4xx_hal_cortex.o
HAL_PWREx_ControlVoltageScaling                   build/stm32f4xx_hal_pwr_ex.o
HAL_PWREx_DisableBkUpReg                          build/stm32f4xx_hal_pwr_ex.o
HAL_PWREx_DisableFlashPowerDown                   build/stm32f4xx_hal_pwr_ex.o
HAL_PWREx_EnableBkUpReg                           build/stm32f4xx_hal_pwr_ex.o
HAL_PWREx_EnableFlashPowerDown                    build/stm32f4xx_hal_pwr_ex.o
HAL_PWREx_GetVoltageRange                         build/stm32f4xx_hal_pwr_ex.o
HAL_PWR_ConfigPVD                                 build/stm32f4xx_hal_pwr.o
HAL_PWR_DeInit                                    build/stm32f4xx_hal_pwr.o
HAL_PWR_DisableBkUpAccess                         build/stm32f4xx_hal_pwr.o
HAL_PWR_DisablePVD                                build/stm32f4xx_hal_pwr.o
HAL_PWR_DisableSEVOnPend                          build/stm32f4xx_hal_pwr.o
HAL_PWR_DisableSleepOnExit                        build/stm32f4xx_hal_pwr.o
HAL_PWR_DisableWakeUpPin                          build/stm32f4xx_hal_pwr.o
HAL_PWR_EnableBkUpAccess                          build/stm32f4xx_hal_pwr.o
HAL_PWR_EnablePVD                                 build/stm32f4xx_hal_pwr.o
HAL_PWR_EnableSEVOnPend                           build/stm32f4xx_hal_pwr.o
HAL_PWR_EnableSleepOnExit                         build/stm32f4xx_hal_pwr.o
HAL_PWR_EnableWakeUpPin                           build/stm32f4xx_hal_pwr.o
HAL_PWR_EnterSLEEPMode                            build/stm32f4xx_hal_pwr.o
HAL_PWR_EnterSTANDBYMode                          build/stm32f4xx_hal_pwr.o
HAL_PWR_EnterSTOPMode                             build/stm32f4xx_hal_pwr.o
HAL_PWR_PVDCallback                               build/stm32f4xx_hal_pwr.o
HAL_PWR_PVD_IRQHandler                            build/stm32f4xx_hal_pwr.o
HAL_RCCEx_DisablePLLI2S                           build/stm32f4xx_hal_rcc_ex.o
HAL_RCCEx_EnablePLLI2S                            build/stm32f4xx_hal_rcc_ex.o
HAL_RCCEx_GetPeriphCLKConfig                      build/stm32f4xx_hal_rcc_ex.o
HAL_RCCEx_GetPeriphCLKFreq                        build/stm32f4xx_hal_rcc_ex.o
                                                  build/stm32f4xx_hal_i2s.o
HAL_RCCEx_PeriphCLKConfig                         build/stm32f4xx_hal_rcc_ex.o
                                                  build/stm32f4xx_hal_msp.o
HAL_RCC_CSSCallback                               build/stm32f4xx_hal_rcc.o
HAL_RCC_ClockConfig                               build/stm32f4xx_hal_rcc.o
                                                  build/main.o
HAL_RCC_DeInit                                    build/stm32f4xx_hal_rcc_ex.o
                                                  build/stm32f4xx_hal_rcc.o
HAL_RCC_DisableCSS                                build/stm32f4xx_hal_rcc.o
HAL_RCC_EnableCSS                                 build/stm32f4xx_hal_rcc.o
HAL_RCC_GetClockConfig                            build/stm32f4xx_hal_rcc.o
HAL_RCC_GetHCLKFreq                               build/stm32f4xx_hal_rcc.o
HAL_RCC_GetOscConfig                              build/stm32f4xx_hal_rcc.o
HAL_RCC_GetPCLK1Freq                              build/stm32f4xx_hal_rcc.o
                                                  build/stm32f4xx_hal_i2c.o
HAL_RCC_GetPCLK2Freq                              build/stm32f4xx_hal_rcc.o
HAL_RCC_GetSysClockFreq                           build/stm32f4xx_hal_rcc.o
HAL_RCC_MCOConfig                                 build/stm32f4xx_hal_rcc.o
HAL_RCC_NMI_IRQHandler                            build/stm32f4xx_hal_rcc.o
HAL_RCC_OscConfig                                 build/stm32f4xx_hal_rcc.o
                                                  build/main.o
HAL_ResumeTick                                    build/stm32f4xx_hal.o
HAL_SPI_Abort                                     build/stm32f4xx_hal_spi.o
HAL_SPI_AbortCpltCallback                         build/stm32f4xx_hal_spi.o
HAL_SPI_Abort_IT                                  build/stm32f4xx_hal_spi.o
HAL_SPI_DMAPause                                  build/stm32f4xx_hal_spi.o
HAL_SPI_DMAResume                                 build/stm32f4xx_hal_spi.o
HAL_SPI_DMAStop                                   build/stm32f4xx_hal_spi.o
HAL_SPI_DeInit                                    build/stm32f4xx_hal_spi.o
HAL_SPI_ErrorCallback                             build/stm32f4xx_hal_spi.o
HAL_SPI_GetError                                  build/stm32f4xx_hal_spi.o
HAL_SPI_GetState                                  build/stm32f4xx_hal_spi.o
HAL_SPI_IRQHandler                                build/stm32f4xx_hal_spi.o
HAL_SPI_Init                                      build/stm32f4xx_hal_spi.o
HAL_SPI_MspDeInit                                 build/stm32f4xx_hal_msp.o
HAL_SPI_MspInit                                   build/stm32f4xx_hal_msp.o
HAL_SPI_Receive                                   build/stm32f4xx_hal_spi.o
HAL_SPI_Receive_DMA                               build/stm32f4xx_hal_spi.o
HAL_SPI_Receive_IT                                build/stm32f4xx_hal_spi.o
HAL_SPI_RxCpltCallback                            build/stm32f4xx_hal_spi.o
HAL_SPI_RxHalfCpltCallback                        build/stm32f4xx_hal_spi.o
HAL_SPI_Transmit                                  build/stm32f4xx_hal_spi.o
HAL_SPI_TransmitReceive                           build/stm32f4xx_hal_spi.o
HAL_SPI_TransmitReceive_DMA                       build/stm32f4xx_hal_spi.o
HAL_SPI_TransmitReceive_IT                        build/stm32f4xx_hal_spi.o
HAL_SPI_Transmit_DMA                              build/stm32f4xx_hal_spi.o
HAL_SPI_Transmit_IT                               build/stm32f4xx_hal_spi.o
HAL_SPI_TxCpltCallback                            build/stm32f4xx_hal_spi.o
HAL_SPI_TxHalfCpltCallback                        build/stm32f4xx_hal_spi.o
HAL_SPI_TxRxCpltCallback                          build/stm32f4xx_hal_spi.o
HAL_SPI_TxRxHalfCpltCallback                      build/stm32f4xx_hal_spi.o
HAL_SYSTICK_CLKSourceConfig                       build/stm32f4xx_hal_cortex.o
HAL_SYSTICK_Callback                              build/stm32f4xx_hal_cortex.o
HAL_SYSTICK_Config                                build/stm32f4xx_hal_cortex.o
                                                  build/stm32f4xx_hal.o
HAL_SYSTICK_IRQHandler                            build/stm32f4xx_hal_cortex.o
HAL_SetTickFreq                                   build/stm32f4xx_hal.o
HAL_SuspendTick                                   build/stm32f4xx_hal.o
HAL_TIMEx_BreakCallback                           build/stm32f4xx_hal_tim_ex.o
                                                  build/stm32f4xx_hal_tim.o
HAL_TIMEx_CommutCallback                          build/stm32f4xx_hal_tim_ex.o
                                                  build/stm32f4xx_hal_tim.o
HAL_TIMEx_CommutHalfCpltCallback                  build/stm32f4xx_hal_tim_ex.o
HAL_TIMEx_ConfigBreakDeadTime                     build/stm32f4xx_hal_tim_ex.o
HAL_TIMEx_ConfigCommutEvent                       build/stm32f4xx_hal_tim_ex.o
HAL_TIMEx_ConfigCommutEvent_DMA                   build/stm32f4xx_hal_tim_ex.o
HAL_TIMEx_ConfigCommutEvent_IT                    build/stm32f4xx_hal_tim_ex.o
HAL_TIMEx_GetChannelNState                        build/stm32f4xx_hal_tim_ex.o
HAL_TIMEx_HallSensor_DeInit                       build/stm32f4xx_hal_tim_ex.o
HAL_TIMEx_HallSensor_GetState                     build/stm32f4xx_hal_tim_ex.o
HAL_TIMEx_HallSensor_Init                         build/stm32f4xx_hal_tim_ex.o
HAL_TIMEx_HallSensor_MspDeInit                    build/stm32f4xx_hal_tim_ex.o
HAL_TIMEx_HallSensor_MspInit                      build/stm32f4xx_hal_tim_ex.o
HAL_TIMEx_HallSensor_Start                        build/stm32f4xx_hal_tim_ex.o
HAL_TIMEx_HallSensor_Start_DMA                    build/stm32f4xx_hal_tim_ex.o
HAL_TIMEx_HallSensor_Start_IT                     build/stm32f4xx_hal_tim_ex.o
HAL_TIMEx_HallSensor_Stop                         build/stm32f4xx_hal_tim_ex.o
HAL_TIMEx_HallSensor_Stop_DMA                     build/stm32f4xx_hal_tim_ex.o
HAL_TIMEx_HallSensor_Stop_IT                      build/stm32f4xx_hal_tim_ex.o
HAL_TIMEx_MasterConfigSynchronization             build/stm32f4xx_hal_tim_ex.o
                                                  build/main.o
HAL_TIMEx_OCN_Start                               build/stm32f4xx_hal_tim_ex.o
HAL_TIMEx_OCN_Start_DMA                           build/stm32f4xx_hal_tim_ex.o
HAL_TIMEx_OCN_Start_IT                            build/stm32f4xx_hal_tim_ex.o
HAL_TIMEx_OCN_Stop                                build/stm32f4xx_hal_tim_ex.o
HAL_TIMEx_OCN_Stop_DMA                            build/stm32f4xx_hal_tim_ex.o
HAL_TIMEx_OCN_Stop_IT                             build/stm32f4xx_hal_tim_ex.o
HAL_TIMEx_OnePulseN_Start                         build/stm32f4xx_hal_tim_ex.o
HAL_TIMEx_OnePulseN_Start_IT                      build/stm32f4xx_hal_tim_ex.o
HAL_TIMEx_OnePulseN_Stop                          build/stm32f4xx_hal_tim_ex.o
HAL_TIMEx_OnePulseN_Stop_IT                       build/stm32f4xx_hal_tim_ex.o
HAL_TIMEx_PWMN_Start                              build/stm32f4xx_hal_tim_ex.o
HAL_TIMEx_PWMN_Start_DMA                          build/stm32f4xx_hal_tim_ex.o
HAL_TIMEx_PWMN_Start_IT                           build/stm32f4xx_hal_tim_ex.o
HAL_TIMEx_PWMN_Stop                               build/stm32f4xx_hal_tim_ex.o
HAL_TIMEx_PWMN_Stop_DMA                           build/stm32f4xx_hal_tim_ex.o
HAL_TIMEx_PWMN_Stop_IT                            build/stm32f4xx_hal_tim_ex.o
HAL_TIMEx_RemapConfig                             build/stm32f4xx_hal_tim_ex.o
HAL_TIM_Base_DeInit                               build/stm32f4xx_hal_tim.o
HAL_TIM_Base_GetState                             build/stm32f4xx_hal_tim.o
HAL_TIM_Base_Init                                 build/stm32f4xx_hal_tim.o
                                                  build/main.o
HAL_TIM_Base_MspDeInit                            build/stm32f4xx_hal_msp.o
HAL_TIM_Base_MspInit                              build/stm32f4xx_hal_msp.o
HAL_TIM_Base_Start                                build/stm32f4xx_hal_tim.o
HAL_TIM_Base_Start_DMA                            build/stm32f4xx_hal_tim.o
HAL_TIM_Base_Start_IT                             build/stm32f4xx_hal_tim.o
HAL_TIM_Base_Stop                                 build/stm32f4xx_hal_tim.o
HAL_TIM_Base_Stop_DMA                             build/stm32f4xx_hal_tim.o
HAL_TIM_Base_Stop_IT                              build/stm32f4xx_hal_tim.o
HAL_TIM_ConfigClockSource                         build/stm32f4xx_hal_tim.o
HAL_TIM_ConfigOCrefClear                          build/stm32f4xx_hal_tim.o
HAL_TIM_ConfigTI1Input                            build/stm32f4xx_hal_tim.o
HAL_TIM_DMABurstState                             build/stm32f4xx_hal_tim.o
HAL_TIM_DMABurst_MultiReadStart                   build/stm32f4xx_hal_tim.o
HAL_TIM_DMABurst_MultiWriteStart                  build/stm32f4xx_hal_tim.o
HAL_TIM_DMABurst_ReadStart                        build/stm32f4xx_hal_tim.o
HAL_TIM_DMABurst_ReadStop                         build/stm32f4xx_hal_tim.o
HAL_TIM_DMABurst_WriteStart                       build/stm32f4xx_hal_tim.o
HAL_TIM_DMABurst_WriteStop                        build/stm32f4xx_hal_tim.o
HAL_TIM_Encoder_DeInit                            build/stm32f4xx_hal_tim.o
HAL_TIM_Encoder_GetState                          build/stm32f4xx_hal_tim.o
HAL_TIM_Encoder_Init                              build/stm32f4xx_hal_tim.o
HAL_TIM_Encoder_MspDeInit                         build/stm32f4xx_hal_tim.o
HAL_TIM_Encoder_MspInit                           build/stm32f4xx_hal_tim.o
HAL_TIM_Encoder_Start                             build/stm32f4xx_hal_tim.o
HAL_TIM_Encoder_Start_DMA                         build/stm32f4xx_hal_tim.o
HAL_TIM_Encoder_Start_IT                          build/stm32f4xx_hal_tim.o
HAL_TIM_Encoder_Stop                              build/stm32f4xx_hal_tim.o
HAL_TIM_Encoder_Stop_DMA                          build/stm32f4xx_hal_tim.o
HAL_TIM_Encoder_Stop_IT                           build/stm32f4xx_hal_tim.o
HAL_TIM_ErrorCallback                             build/stm32f4xx_hal_tim.o
                                                  build/stm32f4xx_hal_tim_ex.o
HAL_TIM_GenerateEvent                             build/stm32f4xx_hal_tim.o
HAL_TIM_GetActiveChannel                          build/stm32f4xx_hal_tim.o
HAL_TIM_GetChannelState                           build/stm32f4xx_hal_tim.o
HAL_TIM_IC_CaptureCallback                        build/stm32f4xx_hal_tim.o
HAL_TIM_IC_CaptureHalfCpltCallback                build/stm32f4xx_hal_tim.o
HAL_TIM_IC_ConfigChannel                          build/stm32f4xx_hal_tim.o
HAL_TIM_IC_DeInit                                 build/stm32f4xx_hal_tim.o
HAL_TIM_IC_GetState                               build/stm32f4xx_hal_tim.o
HAL_TIM_IC_Init                                   build/stm32f4xx_hal_tim.o
HAL_TIM_IC_MspDeInit                              build/stm32f4xx_hal_tim.o
HAL_TIM_IC_MspInit                                build/stm32f4xx_hal_tim.o
HAL_TIM_IC_Start                                  build/stm32f4xx_hal_tim.o
HAL_TIM_IC_Start_DMA                              build/stm32f4xx_hal_tim.o
HAL_TIM_IC_Start_IT                               build/stm32f4xx_hal_tim.o
HAL_TIM_IC_Stop                                   build/stm32f4xx_hal_tim.o
HAL_TIM_IC_Stop_DMA                               build/stm32f4xx_hal_tim.o
HAL_TIM_IC_Stop_IT                                build/stm32f4xx_hal_tim.o
HAL_TIM_IRQHandler                                build/stm32f4xx_hal_tim.o
                                                  build/stm32f4xx_it.o
HAL_TIM_OC_ConfigChannel                          build/stm32f4xx_hal_tim.o
HAL_TIM_OC_DeInit                                 build/stm32f4xx_hal_tim.o
HAL_TIM_OC_DelayElapsedCallback                   build/stm32f4xx_hal_tim.o
HAL_TIM_OC_GetState                               build/stm32f4xx_hal_tim.o
HAL_TIM_OC_Init                                   build/stm32f4xx_hal_tim.o
HAL_TIM_OC_MspDeInit                              build/stm32f4xx_hal_tim.o
HAL_TIM_OC_MspInit                                build/stm32f4xx_hal_tim.o
HAL_TIM_OC_Start                                  build/stm32f4xx_hal_tim.o
HAL_TIM_OC_Start_DMA                              build/stm32f4xx_hal_tim.o
HAL_TIM_OC_Start_IT                               build/stm32f4xx_hal_tim.o
HAL_TIM_OC_Stop                                   build/stm32f4xx_hal_tim.o
HAL_TIM_OC_Stop_DMA                               build/stm32f4xx_hal_tim.o
HAL_TIM_OC_Stop_IT                                build/stm32f4xx_hal_tim.o
HAL_TIM_OnePulse_ConfigChannel                    build/stm32f4xx_hal_tim.o
HAL_TIM_OnePulse_DeInit                           build/stm32f4xx_hal_tim.o
HAL_TIM_OnePulse_GetState                         build/stm32f4xx_hal_tim.o
HAL_TIM_OnePulse_Init                             build/stm32f4xx_hal_tim.o
HAL_TIM_OnePulse_MspDeInit                        build/stm32f4xx_hal_tim.o
HAL_TIM_OnePulse_MspInit                          build/stm32f4xx_hal_tim.o
HAL_TIM_OnePulse_Start                            build/stm32f4xx_hal_tim.o
HAL_TIM_OnePulse_Start_IT                         build/stm32f4xx_hal_tim.o
HAL_TIM_OnePulse_Stop                             build/stm32f4xx_hal_tim.o
HAL_TIM_OnePulse_Stop_IT                          build/stm32f4xx_hal_tim.o
HAL_TIM_PWM_ConfigChannel                         build/stm32f4xx_hal_tim.o
HAL_TIM_PWM_DeInit                                build/stm32f4xx_hal_tim.o
HAL_TIM_PWM_GetState                              build/stm32f4xx_hal_tim.o
HAL_TIM_PWM_Init                                  build/stm32f4xx_hal_tim.o
HAL_TIM_PWM_MspDeInit                             build/stm32f4xx_hal_tim.o
HAL_TIM_PWM_MspInit                               build/stm32f4xx_hal_tim.o
HAL_TIM_PWM_PulseFinishedCallback                 build/stm32f4xx_hal_tim.o
                                                  build/stm32f4xx_hal_tim_ex.o
HAL_TIM_PWM_PulseFinishedHalfCpltCallback         build/stm32f4xx_hal_tim.o
HAL_TIM_PWM_Start                                 build/stm32f4xx_hal_tim.o
HAL_TIM_PWM_Start_DMA                             build/stm32f4xx_hal_tim.o
HAL_TIM_PWM_Start_IT                              build/stm32f4xx_hal_tim.o
HAL_TIM_PWM_Stop                                  build/stm32f4xx_hal_tim.o
HAL_TIM_PWM_Stop_DMA                              build/stm32f4xx_hal_tim.o
HAL_TIM_PWM_Stop_IT                               build/stm32f4xx_hal_tim.o
HAL_TIM_PeriodElapsedCallback                     build/stm32f4xx_hal_tim.o
HAL_TIM_PeriodElapsedHalfCpltCallback             build/stm32f4xx_hal_tim.o
HAL_TIM_ReadCapturedValue                         build/stm32f4xx_hal_tim.o
HAL_TIM_SlaveConfigSynchro                        build/stm32f4xx_hal_tim.o
HAL_TIM_SlaveConfigSynchro_IT                     build/stm32f4xx_hal_tim.o
HAL_TIM_TriggerCallback                           build/stm32f4xx_hal_tim.o
HAL_TIM_TriggerHalfCpltCallback                   build/stm32f4xx_hal_tim.o
HASH_RNG_IRQHandler                               build/startup_stm32f407xx.o
HardFault_Handler                                 build/stm32f4xx_it.o
I2C1_ER_IRQHandler                                build/startup_stm32f407xx.o
I2C1_EV_IRQHandler                                build/startup_stm32f407xx.o
I2C2_ER_IRQHandler                                build/startup_stm32f407xx.o
I2C2_EV_IRQHandler                                build/startup_stm32f407xx.o
I2C3_ER_IRQHandler                                build/startup_stm32f407xx.o
I2C3_EV_IRQHandler                                build/startup_stm32f407xx.o
INDEX                                             build/main.o
                                                  build/stm32f4xx_it.o
MX_DriverVbusFS                                   build/usbh_platform.o
                                                  build/usbh_conf.o
MX_USB_HOST_Init                                  build/usb_host.o
MX_USB_HOST_Process                               build/usb_host.o
MemManage_Handler                                 build/stm32f4xx_it.o
Message                                           build/main.o
Message_Length                                    build/main.o
                                                  build/stm32f4xx_it.o
Message_Pointer                                   build/main.o
                                                  build/stm32f4xx_it.o
Music_ON                                          build/main.o
                                                  build/stm32f4xx_it.o
NMI_Handler                                       build/stm32f4xx_it.o
Note                                              build/main.o
OTG_FS_IRQHandler                                 build/stm32f4xx_it.o
OTG_FS_WKUP_IRQHandler                            build/startup_stm32f407xx.o
OTG_HS_EP1_IN_IRQHandler                          build/startup_stm32f407xx.o
OTG_HS_EP1_OUT_IRQHandler                         build/startup_stm32f407xx.o
OTG_HS_IRQHandler                                 build/startup_stm32f407xx.o